Archive member included to satisfy reference by file (symbol)

/Applications/STM32CubeIDE.app/Contents/Eclipse/plugins/com.st.stm32cube.ide.mcu.externaltools.gnu-tools-for-stm32.9-2020-q2-update.macos64_1.5.0.202011040924/tools/bin/../lib/gcc/arm-none-eabi/9.3.1/../../../../arm-none-eabi/lib/thumb/v7e-m+fp/hard/libc_nano.a(lib_a-calloc.o)
                              Core/Src/function.o (calloc)
/Applications/STM32CubeIDE.app/Contents/Eclipse/plugins/com.st.stm32cube.ide.mcu.externaltools.gnu-tools-for-stm32.9-2020-q2-update.macos64_1.5.0.202011040924/tools/bin/../lib/gcc/arm-none-eabi/9.3.1/../../../../arm-none-eabi/lib/thumb/v7e-m+fp/hard/libc_nano.a(lib_a-errno.o)
                              Core/Src/syscalls.o (__errno)
/Applications/STM32CubeIDE.app/Contents/Eclipse/plugins/com.st.stm32cube.ide.mcu.externaltools.gnu-tools-for-stm32.9-2020-q2-update.macos64_1.5.0.202011040924/tools/bin/../lib/gcc/arm-none-eabi/9.3.1/../../../../arm-none-eabi/lib/thumb/v7e-m+fp/hard/libc_nano.a(lib_a-exit.o)
                              /Applications/STM32CubeIDE.app/Contents/Eclipse/plugins/com.st.stm32cube.ide.mcu.externaltools.gnu-tools-for-stm32.9-2020-q2-update.macos64_1.5.0.202011040924/tools/bin/../lib/gcc/arm-none-eabi/9.3.1/../../../../arm-none-eabi/lib/thumb/v7e-m+fp/hard/crt0.o (exit)
/Applications/STM32CubeIDE.app/Contents/Eclipse/plugins/com.st.stm32cube.ide.mcu.externaltools.gnu-tools-for-stm32.9-2020-q2-update.macos64_1.5.0.202011040924/tools/bin/../lib/gcc/arm-none-eabi/9.3.1/../../../../arm-none-eabi/lib/thumb/v7e-m+fp/hard/libc_nano.a(lib_a-impure.o)
                              /Applications/STM32CubeIDE.app/Contents/Eclipse/plugins/com.st.stm32cube.ide.mcu.externaltools.gnu-tools-for-stm32.9-2020-q2-update.macos64_1.5.0.202011040924/tools/bin/../lib/gcc/arm-none-eabi/9.3.1/../../../../arm-none-eabi/lib/thumb/v7e-m+fp/hard/libc_nano.a(lib_a-exit.o) (_global_impure_ptr)
/Applications/STM32CubeIDE.app/Contents/Eclipse/plugins/com.st.stm32cube.ide.mcu.externaltools.gnu-tools-for-stm32.9-2020-q2-update.macos64_1.5.0.202011040924/tools/bin/../lib/gcc/arm-none-eabi/9.3.1/../../../../arm-none-eabi/lib/thumb/v7e-m+fp/hard/libc_nano.a(lib_a-init.o)
                              /Applications/STM32CubeIDE.app/Contents/Eclipse/plugins/com.st.stm32cube.ide.mcu.externaltools.gnu-tools-for-stm32.9-2020-q2-update.macos64_1.5.0.202011040924/tools/bin/../lib/gcc/arm-none-eabi/9.3.1/../../../../arm-none-eabi/lib/thumb/v7e-m+fp/hard/crt0.o (__libc_init_array)
/Applications/STM32CubeIDE.app/Contents/Eclipse/plugins/com.st.stm32cube.ide.mcu.externaltools.gnu-tools-for-stm32.9-2020-q2-update.macos64_1.5.0.202011040924/tools/bin/../lib/gcc/arm-none-eabi/9.3.1/../../../../arm-none-eabi/lib/thumb/v7e-m+fp/hard/libc_nano.a(lib_a-malloc.o)
                              Core/Src/function.o (malloc)
/Applications/STM32CubeIDE.app/Contents/Eclipse/plugins/com.st.stm32cube.ide.mcu.externaltools.gnu-tools-for-stm32.9-2020-q2-update.macos64_1.5.0.202011040924/tools/bin/../lib/gcc/arm-none-eabi/9.3.1/../../../../arm-none-eabi/lib/thumb/v7e-m+fp/hard/libc_nano.a(lib_a-memcpy-stub.o)
                              Core/Src/REGLES.o (memcpy)
/Applications/STM32CubeIDE.app/Contents/Eclipse/plugins/com.st.stm32cube.ide.mcu.externaltools.gnu-tools-for-stm32.9-2020-q2-update.macos64_1.5.0.202011040924/tools/bin/../lib/gcc/arm-none-eabi/9.3.1/../../../../arm-none-eabi/lib/thumb/v7e-m+fp/hard/libc_nano.a(lib_a-memset.o)
                              /Applications/STM32CubeIDE.app/Contents/Eclipse/plugins/com.st.stm32cube.ide.mcu.externaltools.gnu-tools-for-stm32.9-2020-q2-update.macos64_1.5.0.202011040924/tools/bin/../lib/gcc/arm-none-eabi/9.3.1/../../../../arm-none-eabi/lib/thumb/v7e-m+fp/hard/crt0.o (memset)
/Applications/STM32CubeIDE.app/Contents/Eclipse/plugins/com.st.stm32cube.ide.mcu.externaltools.gnu-tools-for-stm32.9-2020-q2-update.macos64_1.5.0.202011040924/tools/bin/../lib/gcc/arm-none-eabi/9.3.1/../../../../arm-none-eabi/lib/thumb/v7e-m+fp/hard/libc_nano.a(lib_a-nano-callocr.o)
                              /Applications/STM32CubeIDE.app/Contents/Eclipse/plugins/com.st.stm32cube.ide.mcu.externaltools.gnu-tools-for-stm32.9-2020-q2-update.macos64_1.5.0.202011040924/tools/bin/../lib/gcc/arm-none-eabi/9.3.1/../../../../arm-none-eabi/lib/thumb/v7e-m+fp/hard/libc_nano.a(lib_a-calloc.o) (_calloc_r)
/Applications/STM32CubeIDE.app/Contents/Eclipse/plugins/com.st.stm32cube.ide.mcu.externaltools.gnu-tools-for-stm32.9-2020-q2-update.macos64_1.5.0.202011040924/tools/bin/../lib/gcc/arm-none-eabi/9.3.1/../../../../arm-none-eabi/lib/thumb/v7e-m+fp/hard/libc_nano.a(lib_a-nano-freer.o)
                              /Applications/STM32CubeIDE.app/Contents/Eclipse/plugins/com.st.stm32cube.ide.mcu.externaltools.gnu-tools-for-stm32.9-2020-q2-update.macos64_1.5.0.202011040924/tools/bin/../lib/gcc/arm-none-eabi/9.3.1/../../../../arm-none-eabi/lib/thumb/v7e-m+fp/hard/libc_nano.a(lib_a-malloc.o) (_free_r)
[...]
Memory Configuration

Name             Origin             Length             Attributes
RAM              0x0000000020000000 0x0000000000050000 xrw
FLASH            0x0000000008000000 0x0000000000100000 xr
*default*        0x0000000000000000 0xffffffffffffffff

Linker script and memory map

LOAD /Applications/STM32CubeIDE.app/Contents/Eclipse/plugins/com.st.stm32cube.ide.mcu.externaltools.gnu-tools-for-stm32.9-2020-q2-update.macos64_1.5.0.202011040924/tools/bin/../lib/gcc/arm-none-eabi/9.3.1/thumb/v7e-m+fp/hard/crti.o
LOAD /Applications/STM32CubeIDE.app/Contents/Eclipse/plugins/com.st.stm32cube.ide.mcu.externaltools.gnu-tools-for-stm32.9-2020-q2-update.macos64_1.5.0.202011040924/tools/bin/../lib/gcc/arm-none-eabi/9.3.1/thumb/v7e-m+fp/hard/crtbegin.o
LOAD /Applications/STM32CubeIDE.app/Contents/Eclipse/plugins/com.st.stm32cube.ide.mcu.externaltools.gnu-tools-for-stm32.9-2020-q2-update.macos64_1.5.0.202011040924/tools/bin/../lib/gcc/arm-none-eabi/9.3.1/../../../../arm-none-eabi/lib/thumb/v7e-m+fp/hard/crt0.o
LOAD Core/Src/REGLES.o
LOAD Core/Src/background1.o
LOAD Core/Src/base_piece.o
LOAD Core/Src/doge.o
LOAD Core/Src/freertos.o
LOAD Core/Src/function.o
LOAD Core/Src/game_over.o
LOAD Core/Src/main.o
LOAD Core/Src/menu_principal.o
LOAD Core/Src/numbers.o
LOAD Core/Src/small_piece.o
LOAD Core/Src/stm32f7xx_hal_msp.o
LOAD Core/Src/stm32f7xx_hal_timebase_tim.o
LOAD Core/Src/stm32f7xx_it.o
LOAD Core/Src/syscalls.o
LOAD Core/Src/sysmem.o
LOAD Core/Src/system_stm32f7xx.o
LOAD Core/Startup/startup_stm32f746nghx.o
LOAD Drivers/BSP/Components/ft5336/ft5336.o
LOAD Drivers/BSP/Components/ov9655/ov9655.o
LOAD Drivers/BSP/Components/wm8994/wm8994.o
LOAD Drivers/BSP/src/stm32746g_discovery.o
LOAD Drivers/BSP/src/stm32746g_discovery_lcd.o
LOAD Drivers/BSP/src/stm32746g_discovery_sdram.o
LOAD Drivers/BSP/src/stm32746g_discovery_ts.o
LOAD Drivers/STM32F7xx_HAL_Driver/Src/stm32f7xx_hal.o
LOAD Drivers/STM32F7xx_HAL_Driver/Src/stm32f7xx_hal_cortex.o
LOAD Drivers/STM32F7xx_HAL_Driver/Src/stm32f7xx_hal_crc.o
LOAD Drivers/STM32F7xx_HAL_Driver/Src/stm32f7xx_hal_crc_ex.o
LOAD Drivers/STM32F7xx_HAL_Driver/Src/stm32f7xx_hal_dma.o
LOAD Drivers/STM32F7xx_HAL_Driver/Src/stm32f7xx_hal_dma2d.o
LOAD Drivers/STM32F7xx_HAL_Driver/Src/stm32f7xx_hal_dma_ex.o
LOAD Drivers/STM32F7xx_HAL_Driver/Src/stm32f7xx_hal_dsi.o
LOAD Drivers/STM32F7xx_HAL_Driver/Src/stm32f7xx_hal_exti.o
LOAD Drivers/STM32F7xx_HAL_Driver/Src/stm32f7xx_hal_flash.o
LOAD Drivers/STM32F7xx_HAL_Driver/Src/stm32f7xx_hal_flash_ex.o
LOAD Drivers/STM32F7xx_HAL_Driver/Src/stm32f7xx_hal_gpio.o
LOAD Drivers/STM32F7xx_HAL_Driver/Src/stm32f7xx_hal_i2c.o
LOAD Drivers/STM32F7xx_HAL_Driver/Src/stm32f7xx_hal_i2c_ex.o
LOAD Drivers/STM32F7xx_HAL_Driver/Src/stm32f7xx_hal_ltdc.o
LOAD Drivers/STM32F7xx_HAL_Driver/Src/stm32f7xx_hal_ltdc_ex.o
LOAD Drivers/STM32F7xx_HAL_Driver/Src/stm32f7xx_hal_pwr.o
LOAD Drivers/STM32F7xx_HAL_Driver/Src/stm32f7xx_hal_pwr_ex.o
LOAD Drivers/STM32F7xx_HAL_Driver/Src/stm32f7xx_hal_rcc.o
LOAD Drivers/STM32F7xx_HAL_Driver/Src/stm32f7xx_hal_rcc_ex.o
LOAD Drivers/STM32F7xx_HAL_Driver/Src/stm32f7xx_hal_rng.o
LOAD Drivers/STM32F7xx_HAL_Driver/Src/stm32f7xx_hal_sdram.o
LOAD Drivers/STM32F7xx_HAL_Driver/Src/stm32f7xx_hal_tim.o
LOAD Drivers/STM32F7xx_HAL_Driver/Src/stm32f7xx_hal_tim_ex.o
LOAD Drivers/STM32F7xx_HAL_Driver/Src/stm32f7xx_hal_uart.o
LOAD Drivers/STM32F7xx_HAL_Driver/Src/stm32f7xx_hal_uart_ex.o
LOAD Drivers/STM32F7xx_HAL_Driver/Src/stm32f7xx_ll_fmc.o
LOAD Drivers/Utilities/Fonts/font12.o
LOAD Drivers/Utilities/Fonts/font16.o
LOAD Drivers/Utilities/Fonts/font20.o
LOAD Drivers/Utilities/Fonts/font24.o
LOAD Drivers/Utilities/Fonts/font8.o
LOAD Middlewares/Third_Party/FreeRTOS/Source/CMSIS_RTOS/cmsis_os.o
LOAD Middlewares/Third_Party/FreeRTOS/Source/croutine.o
LOAD Middlewares/Third_Party/FreeRTOS/Source/event_groups.o
LOAD Middlewares/Third_Party/FreeRTOS/Source/list.o
LOAD Middlewares/Third_Party/FreeRTOS/Source/queue.o
LOAD Middlewares/Third_Party/FreeRTOS/Source/stream_buffer.o
LOAD Middlewares/Third_Party/FreeRTOS/Source/tasks.o
LOAD Middlewares/Third_Party/FreeRTOS/Source/timers.o
LOAD Middlewares/Third_Party/FreeRTOS/Source/portable/GCC/ARM_CM7/r0p1/port.o
LOAD Middlewares/Third_Party/FreeRTOS/Source/portable/MemMang/heap_4.o
START GROUP
LOAD /Applications/STM32CubeIDE.app/Contents/Eclipse/plugins/com.st.stm32cube.ide.mcu.externaltools.gnu-tools-for-stm32.9-2020-q2-update.macos64_1.5.0.202011040924/tools/bin/../lib/gcc/arm-none-eabi/9.3.1/../../../../arm-none-eabi/lib/thumb/v7e-m+fp/hard/libc_nano.a
LOAD /Applications/STM32CubeIDE.app/Contents/Eclipse/plugins/com.st.stm32cube.ide.mcu.externaltools.gnu-tools-for-stm32.9-2020-q2-update.macos64_1.5.0.202011040924/tools/bin/../lib/gcc/arm-none-eabi/9.3.1/../../../../arm-none-eabi/lib/thumb/v7e-m+fp/hard/libm.a
END GROUP
START GROUP
LOAD /Applications/STM32CubeIDE.app/Contents/Eclipse/plugins/com.st.stm32cube.ide.mcu.externaltools.gnu-tools-for-stm32.9-2020-q2-update.macos64_1.5.0.202011040924/tools/bin/../lib/gcc/arm-none-eabi/9.3.1/thumb/v7e-m+fp/hard/libgcc.a
LOAD /Applications/STM32CubeIDE.app/Contents/Eclipse/plugins/com.st.stm32cube.ide.mcu.externaltools.gnu-tools-for-stm32.9-2020-q2-update.macos64_1.5.0.202011040924/tools/bin/../lib/gcc/arm-none-eabi/9.3.1/../../../../arm-none-eabi/lib/thumb/v7e-m+fp/hard/libc_nano.a
END GROUP
START GROUP
LOAD /Applications/STM32CubeIDE.app/Contents/Eclipse/plugins/com.st.stm32cube.ide.mcu.externaltools.gnu-tools-for-stm32.9-2020-q2-update.macos64_1.5.0.202011040924/tools/bin/../lib/gcc/arm-none-eabi/9.3.1/thumb/v7e-m+fp/hard/libgcc.a
LOAD /Applications/STM32CubeIDE.app/Contents/Eclipse/plugins/com.st.stm32cube.ide.mcu.externaltools.gnu-tools-for-stm32.9-2020-q2-update.macos64_1.5.0.202011040924/tools/bin/../lib/gcc/arm-none-eabi/9.3.1/../../../../arm-none-eabi/lib/thumb/v7e-m+fp/hard/libc_nano.a
LOAD /Applications/STM32CubeIDE.app/Contents/Eclipse/plugins/com.st.stm32cube.ide.mcu.externaltools.gnu-tools-for-stm32.9-2020-q2-update.macos64_1.5.0.202011040924/tools/bin/../lib/gcc/arm-none-eabi/9.3.1/../../../../arm-none-eabi/lib/thumb/v7e-m+fp/hard/libnosys.a
END GROUP
START GROUP
LOAD /Applications/STM32CubeIDE.app/Contents/Eclipse/plugins/com.st.stm32cube.ide.mcu.externaltools.gnu-tools-for-stm32.9-2020-q2-update.macos64_1.5.0.202011040924/tools/bin/../lib/gcc/arm-none-eabi/9.3.1/thumb/v7e-m+fp/hard/libgcc.a
LOAD /Applications/STM32CubeIDE.app/Contents/Eclipse/plugins/com.st.stm32cube.ide.mcu.externaltools.gnu-tools-for-stm32.9-2020-q2-update.macos64_1.5.0.202011040924/tools/bin/../lib/gcc/arm-none-eabi/9.3.1/../../../../arm-none-eabi/lib/thumb/v7e-m+fp/hard/libc_nano.a
LOAD /Applications/STM32CubeIDE.app/Contents/Eclipse/plugins/com.st.stm32cube.ide.mcu.externaltools.gnu-tools-for-stm32.9-2020-q2-update.macos64_1.5.0.202011040924/tools/bin/../lib/gcc/arm-none-eabi/9.3.1/../../../../arm-none-eabi/lib/thumb/v7e-m+fp/hard/libnosys.a
END GROUP
LOAD /Applications/STM32CubeIDE.app/Contents/Eclipse/plugins/com.st.stm32cube.ide.mcu.externaltools.gnu-tools-for-stm32.9-2020-q2-update.macos64_1.5.0.202011040924/tools/bin/../lib/gcc/arm-none-eabi/9.3.1/thumb/v7e-m+fp/hard/crtend.o
LOAD /Applications/STM32CubeIDE.app/Contents/Eclipse/plugins/com.st.stm32cube.ide.mcu.externaltools.gnu-tools-for-stm32.9-2020-q2-update.macos64_1.5.0.202011040924/tools/bin/../lib/gcc/arm-none-eabi/9.3.1/thumb/v7e-m+fp/hard/crtn.o
                0x0000000020050000                _estack = (ORIGIN (RAM) + LENGTH (RAM))
                0x0000000000000200                _Min_Heap_Size = 0x200
                0x0000000000000400                _Min_Stack_Size = 0x400

.isr_vector     0x0000000008000000      0x1c8
                0x0000000008000000                . = ALIGN (0x4)
 *(.isr_vector)
 .isr_vector    0x0000000008000000      0x1c8 Core/Startup/startup_stm32f746nghx.o
                0x0000000008000000                g_pfnVectors
                0x00000000080001c8                . = ALIGN (0x4)

.text           0x00000000080001d0     0xd2d8
                0x00000000080001d0                . = ALIGN (0x4)
 *(.text)
 .text          0x00000000080001d0       0x40 /Applications/STM32CubeIDE.app/Contents/Eclipse/plugins/com.st.stm32cube.ide.mcu.externaltools.gnu-tools-for-stm32.9-2020-q2-update.macos64_1.5.0.202011040924/tools/bin/../lib/gcc/arm-none-eabi/9.3.1/thumb/v7e-m+fp/hard/crtbegin.o
 .text          0x0000000008000210       0xa0 /Applications/STM32CubeIDE.app/Contents/Eclipse/plugins/com.st.stm32cube.ide.mcu.externaltools.gnu-tools-for-stm32.9-2020-q2-update.macos64_1.5.0.202011040924/tools/bin/../lib/gcc/arm-none-eabi/9.3.1/../../../../arm-none-eabi/lib/thumb/v7e-m+fp/hard/libc_nano.a(lib_a-memchr.o)
                0x0000000008000210                memchr
 .text          0x00000000080002b0       0x30 /Applications/STM32CubeIDE.app/Contents/Eclipse/plugins/com.st.stm32cube.ide.mcu.externaltools.gnu-tools-for-stm32.9-2020-q2-update.macos64_1.5.0.202011040924/tools/bin/../lib/gcc/arm-none-eabi/9.3.1/thumb/v7e-m+fp/hard/libgcc.a(_aeabi_uldivmod.o)
                0x00000000080002b0                __aeabi_uldivmod
 .text          0x00000000080002e0      0x2c4 /Applications/STM32CubeIDE.app/Contents/Eclipse/plugins/com.st.stm32cube.ide.mcu.externaltools.gnu-tools-for-stm32.9-2020-q2-update.macos64_1.5.0.202011040924/tools/bin/../lib/gcc/arm-none-eabi/9.3.1/thumb/v7e-m+fp/hard/libgcc.a(_udivmoddi4.o)
                0x00000000080002e0                __udivmoddi4
 .text          0x00000000080005a4        0x4 /Applications/STM32CubeIDE.app/Contents/Eclipse/plugins/com.st.stm32cube.ide.mcu.externaltools.gnu-tools-for-stm32.9-2020-q2-update.macos64_1.5.0.202011040924/tools/bin/../lib/gcc/arm-none-eabi/9.3.1/thumb/v7e-m+fp/hard/libgcc.a(_dvmd_tls.o)
                0x00000000080005a4                __aeabi_ldiv0
                0x00000000080005a4                __aeabi_idiv0
 *(.text*)
 .text.setRULES
                0x00000000080005a8      0x178 Core/Src/REGLES.o
                0x00000000080005a8                setRULES
 .text.setbackground
                0x0000000008000720      0x16c Core/Src/background1.o
                0x0000000008000720                setbackground
 .text.dispPiece1
                0x000000000800088c      0x174 Core/Src/base_piece.o
                0x000000000800088c                dispPiece1
 .text.dispPiece2
                0x0000000008000a00      0x174 Core/Src/base_piece.o
                0x0000000008000a00                dispPiece2
 .text.dispPiece3
                0x0000000008000b74      0x174 Core/Src/base_piece.o
                0x0000000008000b74                dispPiece3
 .text.dispVoid
                0x0000000008000ce8       0x62 Core/Src/base_piece.o
                0x0000000008000ce8                dispVoid
 *fill*         0x0000000008000d4a        0x2 
 .text.set_doge
                0x0000000008000d4c      0x28c Core/Src/doge.o
                0x0000000008000d4c                set_doge
 .text.init_grid
                0x0000000008000fd8       0xc4 Core/Src/function.o
                0x0000000008000fd8                init_grid
 .text.init_pieces
                0x000000000800109c       0x8e Core/Src/function.o
                0x000000000800109c                init_pieces
 *fill*         0x000000000800112a        0x2 
 .text.create_piece
                0x000000000800112c       0xbc Core/Src/function.o
                0x000000000800112c                create_piece
 .text.BuildList
                0x00000000080011e8       0x32 Core/Src/function.o
                0x00000000080011e8                BuildList
 .text.SwapList
                0x000000000800121a       0x30 Core/Src/function.o
                0x000000000800121a                SwapList
 *fill*         0x000000000800124a        0x2 
 .text.dispGrid
                0x000000000800124c      0x140 Core/Src/function.o
                0x000000000800124c                dispGrid
 .text.dispNextPiece
                0x000000000800138c      0x258 Core/Src/function.o
                0x000000000800138c                dispNextPiece
 .text.test_hit
                0x00000000080015e4      0x1b2 Core/Src/function.o
                0x00000000080015e4                test_hit
 *fill*         0x0000000008001796        0x2 
 .text.fall     0x0000000008001798      0x1c4 Core/Src/function.o
                0x0000000008001798                fall
 .text.testGameOver
                0x000000000800195c       0x3e Core/Src/function.o
                0x000000000800195c                testGameOver
 *fill*         0x000000000800199a        0x2 
 .text.move_piece
                0x000000000800199c       0x98 Core/Src/function.o
                0x000000000800199c                move_piece
 .text.test_lines
                0x0000000008001a34       0xd0 Core/Src/function.o
                0x0000000008001a34                test_lines
 .text.delete_line
                0x0000000008001b04       0x5e Core/Src/function.o
                0x0000000008001b04                delete_line
 *fill*         0x0000000008001b62        0x2 
 .text.core     0x0000000008001b64      0x1d8 Core/Src/function.o
                0x0000000008001b64                core
 .text.dispGameOver
                0x0000000008001d3c      0x180 Core/Src/game_over.o
                0x0000000008001d3c                dispGameOver
 .text.main     0x0000000008001ebc      0x178 Core/Src/main.o
                0x0000000008001ebc                main
 .text.SystemClock_Config
                0x0000000008002034      0x150 Core/Src/main.o
                0x0000000008002034                SystemClock_Config
 .text.MX_CRC_Init
                0x0000000008002184       0x44 Core/Src/main.o
 .text.MX_DMA2D_Init
                0x00000000080021c8       0x64 Core/Src/main.o
 .text.MX_I2C3_Init
                0x000000000800222c       0x80 Core/Src/main.o
 .text.MX_LTDC_Init
                0x00000000080022ac      0x104 Core/Src/main.o
 .text.MX_RNG_Init
                0x00000000080023b0       0x28 Core/Src/main.o
 .text.MX_USART1_UART_Init
                0x00000000080023d8       0x60 Core/Src/main.o
 .text.MX_FMC_Init
                0x0000000008002438       0xa0 Core/Src/main.o
 .text.MX_GPIO_Init
                0x00000000080024d8      0x780 Core/Src/main.o
 .text.HAL_TIM_PeriodElapsedCallback
                0x0000000008002c58       0x24 Core/Src/main.o
                0x0000000008002c58                HAL_TIM_PeriodElapsedCallback
 .text.Error_Handler
                0x0000000008002c7c        0xa Core/Src/main.o
                0x0000000008002c7c                Error_Handler
 *fill*         0x0000000008002c86        0x2 
 .text.set_menu
                0x0000000008002c88      0x264 Core/Src/menu_principal.o
                0x0000000008002c88                set_menu
 .text.aff_select
                0x0000000008002eec       0x54 Core/Src/menu_principal.o
                0x0000000008002eec                aff_select
 .text.select_jouer
                0x0000000008002f40      0x1ac Core/Src/menu_principal.o
                0x0000000008002f40                select_jouer
 .text.select_regles
                0x00000000080030ec      0x1ac Core/Src/menu_principal.o
                0x00000000080030ec                select_regles
 .text.select_credits
                0x0000000008003298      0x1ac Core/Src/menu_principal.o
                0x0000000008003298                select_credits
 .text.unselect_jouer
                0x0000000008003444      0x238 Core/Src/menu_principal.o
                0x0000000008003444                unselect_jouer
 .text.unselect_regles
                0x000000000800367c      0x238 Core/Src/menu_principal.o
                0x000000000800367c                unselect_regles
 .text.unselect_credits
                0x00000000080038b4      0x238 Core/Src/menu_principal.o
                0x00000000080038b4                unselect_credits
 .text.disp0_18pt
                0x0000000008003aec       0xc8 Core/Src/numbers.o
                0x0000000008003aec                disp0_18pt
 .text.disp1_18pt
                0x0000000008003bb4       0xc8 Core/Src/numbers.o
                0x0000000008003bb4                disp1_18pt
 .text.disp2_18pt
                0x0000000008003c7c       0xc8 Core/Src/numbers.o
                0x0000000008003c7c                disp2_18pt
 .text.disp3_18pt
                0x0000000008003d44       0xc8 Core/Src/numbers.o
                0x0000000008003d44                disp3_18pt
 .text.disp4_18pt
                0x0000000008003e0c       0xc8 Core/Src/numbers.o
                0x0000000008003e0c                disp4_18pt
 .text.disp5_18pt
                0x0000000008003ed4       0xc8 Core/Src/numbers.o
                0x0000000008003ed4                disp5_18pt
 .text.disp6_18pt
                0x0000000008003f9c       0xc8 Core/Src/numbers.o
                0x0000000008003f9c                disp6_18pt
 .text.disp7_18pt
                0x0000000008004064       0xc8 Core/Src/numbers.o
                0x0000000008004064                disp7_18pt
 .text.disp8_18pt
                0x000000000800412c       0xc8 Core/Src/numbers.o
                0x000000000800412c                disp8_18pt
 .text.disp9_18pt
                0x00000000080041f4       0xc8 Core/Src/numbers.o
                0x00000000080041f4                disp9_18pt
 .text.dispPoint_18pt
                0x00000000080042bc       0xc8 Core/Src/numbers.o
                0x00000000080042bc                dispPoint_18pt
 .text.DispScoreList
                0x0000000008004384      0x250 Core/Src/numbers.o
                0x0000000008004384                DispScoreList
 .text.disp0_10pt
                0x00000000080045d4       0xcc Core/Src/numbers.o
                0x00000000080045d4                disp0_10pt
 .text.disp1_10pt
                0x00000000080046a0       0xcc Core/Src/numbers.o
                0x00000000080046a0                disp1_10pt
 .text.disp2_10pt
                0x000000000800476c       0xcc Core/Src/numbers.o
                0x000000000800476c                disp2_10pt
 .text.disp3_10pt
                0x0000000008004838       0xcc Core/Src/numbers.o
                0x0000000008004838                disp3_10pt
 .text.disp4_10pt
                0x0000000008004904       0xcc Core/Src/numbers.o
                0x0000000008004904                disp4_10pt
 .text.disp5_10pt
                0x00000000080049d0       0xcc Core/Src/numbers.o
                0x00000000080049d0                disp5_10pt
 .text.disp6_10pt
                0x0000000008004a9c       0xcc Core/Src/numbers.o
                0x0000000008004a9c                disp6_10pt
 .text.disp7_10pt
                0x0000000008004b68       0xcc Core/Src/numbers.o
                0x0000000008004b68                disp7_10pt
 .text.disp8_10pt
                0x0000000008004c34       0xcc Core/Src/numbers.o
                0x0000000008004c34                disp8_10pt
 .text.disp9_10pt
                0x0000000008004d00       0xcc Core/Src/numbers.o
                0x0000000008004d00                disp9_10pt
 .text.dispPoint_10pt
                0x0000000008004dcc       0xcc Core/Src/numbers.o
                0x0000000008004dcc                dispPoint_10pt
 .text.dispVoid_10pt
                0x0000000008004e98       0xcc Core/Src/numbers.o
                0x0000000008004e98                dispVoid_10pt
 .text.DispScoreIG
                0x0000000008004f64      0x2c0 Core/Src/numbers.o
                0x0000000008004f64                DispScoreIG
 .text.dispSmallPiece1
                0x0000000008005224      0x158 Core/Src/small_piece.o
                0x0000000008005224                dispSmallPiece1
 .text.dispSmallPiece2
                0x000000000800537c      0x158 Core/Src/small_piece.o
                0x000000000800537c                dispSmallPiece2
 .text.dispSmallPiece3
                0x00000000080054d4      0x158 Core/Src/small_piece.o
                0x00000000080054d4                dispSmallPiece3
 .text.dispSmallVoid
                0x000000000800562c       0x62 Core/Src/small_piece.o
                0x000000000800562c                dispSmallVoid
 *fill*         0x000000000800568e        0x2 
 .text.HAL_MspInit
                0x0000000008005690       0x50 Core/Src/stm32f7xx_hal_msp.o
                0x0000000008005690                HAL_MspInit
 .text.HAL_CRC_MspInit
                0x00000000080056e0       0x40 Core/Src/stm32f7xx_hal_msp.o
                0x00000000080056e0                HAL_CRC_MspInit
 .text.HAL_DMA2D_MspInit
                0x0000000008005720       0x4c Core/Src/stm32f7xx_hal_msp.o
                0x0000000008005720                HAL_DMA2D_MspInit
 .text.HAL_I2C_MspInit
                0x000000000800576c       0x88 Core/Src/stm32f7xx_hal_msp.o
                0x000000000800576c                HAL_I2C_MspInit
 .text.HAL_I2C_MspDeInit
                0x00000000080057f4       0x44 Core/Src/stm32f7xx_hal_msp.o
                0x00000000080057f4                HAL_I2C_MspDeInit
 .text.HAL_LTDC_MspInit
                0x0000000008005838      0x190 Core/Src/stm32f7xx_hal_msp.o
                0x0000000008005838                HAL_LTDC_MspInit
 .text.HAL_RNG_MspInit
                0x00000000080059c8       0x4c Core/Src/stm32f7xx_hal_msp.o
                0x00000000080059c8                HAL_RNG_MspInit
 .text.HAL_UART_MspInit
                0x0000000008005a14       0xc4 Core/Src/stm32f7xx_hal_msp.o
                0x0000000008005a14                HAL_UART_MspInit
 .text.HAL_FMC_MspInit
                0x0000000008005ad8      0x120 Core/Src/stm32f7xx_hal_msp.o
 .text.HAL_SDRAM_MspInit
                0x0000000008005bf8       0x14 Core/Src/stm32f7xx_hal_msp.o
                0x0000000008005bf8                HAL_SDRAM_MspInit
 .text.HAL_InitTick
                0x0000000008005c0c       0xb0 Core/Src/stm32f7xx_hal_timebase_tim.o
                0x0000000008005c0c                HAL_InitTick
 .text.NMI_Handler
                0x0000000008005cbc        0x6 Core/Src/stm32f7xx_it.o
                0x0000000008005cbc                NMI_Handler
 .text.HardFault_Handler
                0x0000000008005cc2        0x6 Core/Src/stm32f7xx_it.o
                0x0000000008005cc2                HardFault_Handler
 .text.MemManage_Handler
                0x0000000008005cc8        0x6 Core/Src/stm32f7xx_it.o
                0x0000000008005cc8                MemManage_Handler
 .text.BusFault_Handler
                0x0000000008005cce        0x6 Core/Src/stm32f7xx_it.o
                0x0000000008005cce                BusFault_Handler
 .text.UsageFault_Handler
                0x0000000008005cd4        0x6 Core/Src/stm32f7xx_it.o
                0x0000000008005cd4                UsageFault_Handler
 .text.DebugMon_Handler
                0x0000000008005cda        0xe Core/Src/stm32f7xx_it.o
                0x0000000008005cda                DebugMon_Handler
 .text.EXTI0_IRQHandler
                0x0000000008005ce8       0x94 Core/Src/stm32f7xx_it.o
                0x0000000008005ce8                EXTI0_IRQHandler
 .text.EXTI2_IRQHandler
                0x0000000008005d7c       0x34 Core/Src/stm32f7xx_it.o
                0x0000000008005d7c                EXTI2_IRQHandler
 .text.EXTI3_IRQHandler
                0x0000000008005db0       0x54 Core/Src/stm32f7xx_it.o
                0x0000000008005db0                EXTI3_IRQHandler
 .text.EXTI4_IRQHandler
                0x0000000008005e04       0x5c Core/Src/stm32f7xx_it.o
                0x0000000008005e04                EXTI4_IRQHandler
 .text.EXTI9_5_IRQHandler
                0x0000000008005e60       0x8c Core/Src/stm32f7xx_it.o
                0x0000000008005e60                EXTI9_5_IRQHandler
 .text.EXTI15_10_IRQHandler
                0x0000000008005eec       0x5c Core/Src/stm32f7xx_it.o
                0x0000000008005eec                EXTI15_10_IRQHandler
 .text.TIM6_DAC_IRQHandler
                0x0000000008005f48       0x14 Core/Src/stm32f7xx_it.o
                0x0000000008005f48                TIM6_DAC_IRQHandler
 .text.RNG_IRQHandler
                0x0000000008005f5c       0x14 Core/Src/stm32f7xx_it.o
                0x0000000008005f5c                RNG_IRQHandler
 .text.LTDC_IRQHandler
                0x0000000008005f70       0x14 Core/Src/stm32f7xx_it.o
                0x0000000008005f70                LTDC_IRQHandler
 .text.DMA2D_IRQHandler
                0x0000000008005f84       0x14 Core/Src/stm32f7xx_it.o
                0x0000000008005f84                DMA2D_IRQHandler
 .text._getpid  0x0000000008005f98       0x10 Core/Src/syscalls.o
                0x0000000008005f98                _getpid
 .text._kill    0x0000000008005fa8       0x20 Core/Src/syscalls.o
                0x0000000008005fa8                _kill
 .text._exit    0x0000000008005fc8       0x14 Core/Src/syscalls.o
                0x0000000008005fc8                _exit
 .text._read    0x0000000008005fdc       0x3a Core/Src/syscalls.o
                0x0000000008005fdc                _read
 .text._write   0x0000000008006016       0x38 Core/Src/syscalls.o
                0x0000000008006016                _write
 .text._close   0x000000000800604e       0x18 Core/Src/syscalls.o
                0x000000000800604e                _close
 .text._fstat   0x0000000008006066       0x20 Core/Src/syscalls.o
                0x0000000008006066                _fstat
 .text._isatty  0x0000000008006086       0x16 Core/Src/syscalls.o
                0x0000000008006086                _isatty
 .text._lseek   0x000000000800609c       0x1a Core/Src/syscalls.o
                0x000000000800609c                _lseek
 *fill*         0x00000000080060b6        0x2 
 .text._sbrk    0x00000000080060b8       0x6c Core/Src/sysmem.o
                0x00000000080060b8                _sbrk
 .text.SystemInit
                0x0000000008006124       0x24 Core/Src/system_stm32f7xx.o
                0x0000000008006124                SystemInit
 .text.Reset_Handler
                0x0000000008006148       0x50 Core/Startup/startup_stm32f746nghx.o
                0x0000000008006148                Reset_Handler
 .text.Default_Handler
                0x0000000008006198        0x2 Core/Startup/startup_stm32f746nghx.o
                0x0000000008006198                DMA1_Stream3_IRQHandler
                0x0000000008006198                TIM8_CC_IRQHandler
                0x0000000008006198                UART8_IRQHandler
                0x0000000008006198                SPI4_IRQHandler
                0x0000000008006198                TIM1_CC_IRQHandler
                0x0000000008006198                DMA2_Stream5_IRQHandler
                0x0000000008006198                DMA1_Stream5_IRQHandler
                0x0000000008006198                PVD_IRQHandler
                0x0000000008006198                TAMP_STAMP_IRQHandler
                0x0000000008006198                CAN2_RX1_IRQHandler
                0x0000000008006198                TIM8_TRG_COM_TIM14_IRQHandler
                0x0000000008006198                TIM1_UP_TIM10_IRQHandler
                0x0000000008006198                TIM8_UP_TIM13_IRQHandler
                0x0000000008006198                I2C3_ER_IRQHandler
                0x0000000008006198                I2C2_EV_IRQHandler
                0x0000000008006198                DMA1_Stream2_IRQHandler
                0x0000000008006198                CAN1_RX0_IRQHandler
                0x0000000008006198                FPU_IRQHandler
                0x0000000008006198                OTG_HS_WKUP_IRQHandler
                0x0000000008006198                LTDC_ER_IRQHandler
                0x0000000008006198                CAN2_SCE_IRQHandler
                0x0000000008006198                DMA2_Stream2_IRQHandler
                0x0000000008006198                SPI1_IRQHandler
                0x0000000008006198                TIM1_BRK_TIM9_IRQHandler
                0x0000000008006198                DCMI_IRQHandler
                0x0000000008006198                CAN2_RX0_IRQHandler
                0x0000000008006198                DMA2_Stream3_IRQHandler
                0x0000000008006198                SAI2_IRQHandler
                0x0000000008006198                USART6_IRQHandler
                0x0000000008006198                USART3_IRQHandler
                0x0000000008006198                CAN1_RX1_IRQHandler
                0x0000000008006198                UART5_IRQHandler
                0x0000000008006198                DMA2_Stream0_IRQHandler
                0x0000000008006198                TIM4_IRQHandler
                0x0000000008006198                QUADSPI_IRQHandler
                0x0000000008006198                I2C1_EV_IRQHandler
                0x0000000008006198                DMA1_Stream6_IRQHandler
                0x0000000008006198                DMA1_Stream1_IRQHandler
                0x0000000008006198                UART4_IRQHandler
                0x0000000008006198                TIM3_IRQHandler
                0x0000000008006198                RCC_IRQHandler
                0x0000000008006198                TIM8_BRK_TIM12_IRQHandler
                0x0000000008006198                Default_Handler
                0x0000000008006198                CEC_IRQHandler
                0x0000000008006198                ADC_IRQHandler
                0x0000000008006198                DMA1_Stream7_IRQHandler
                0x0000000008006198                SPI5_IRQHandler
                0x0000000008006198                TIM7_IRQHandler
                0x0000000008006198                SDMMC1_IRQHandler
                0x0000000008006198                CAN2_TX_IRQHandler
                0x0000000008006198                TIM5_IRQHandler
                0x0000000008006198                DMA2_Stream7_IRQHandler
                0x0000000008006198                I2C3_EV_IRQHandler
                0x0000000008006198                RTC_WKUP_IRQHandler
                0x0000000008006198                ETH_WKUP_IRQHandler
                0x0000000008006198                SPDIF_RX_IRQHandler
                0x0000000008006198                SPI2_IRQHandler
                0x0000000008006198                OTG_HS_EP1_IN_IRQHandler
                0x0000000008006198                DMA1_Stream0_IRQHandler
                0x0000000008006198                CAN1_TX_IRQHandler
                0x0000000008006198                ETH_IRQHandler
                0x0000000008006198                OTG_HS_EP1_OUT_IRQHandler
                0x0000000008006198                WWDG_IRQHandler
                0x0000000008006198                SPI6_IRQHandler
                0x0000000008006198                I2C4_EV_IRQHandler
                0x0000000008006198                TIM2_IRQHandler
                0x0000000008006198                OTG_FS_WKUP_IRQHandler
                0x0000000008006198                TIM1_TRG_COM_TIM11_IRQHandler
                0x0000000008006198                OTG_HS_IRQHandler
                0x0000000008006198                EXTI1_IRQHandler
                0x0000000008006198                UART7_IRQHandler
                0x0000000008006198                USART2_IRQHandler
                0x0000000008006198                I2C2_ER_IRQHandler
                0x0000000008006198                DMA2_Stream1_IRQHandler
                0x0000000008006198                CAN1_SCE_IRQHandler
                0x0000000008006198                FLASH_IRQHandler
                0x0000000008006198                DMA2_Stream4_IRQHandler
                0x0000000008006198                USART1_IRQHandler
                0x0000000008006198                OTG_FS_IRQHandler
                0x0000000008006198                SPI3_IRQHandler
                0x0000000008006198                DMA1_Stream4_IRQHandler
                0x0000000008006198                I2C1_ER_IRQHandler
                0x0000000008006198                FMC_IRQHandler
                0x0000000008006198                LPTIM1_IRQHandler
                0x0000000008006198                I2C4_ER_IRQHandler
                0x0000000008006198                DMA2_Stream6_IRQHandler
                0x0000000008006198                SAI1_IRQHandler
                0x0000000008006198                RTC_Alarm_IRQHandler
 .text.ft5336_Init
                0x000000000800619a       0x1c Drivers/BSP/Components/ft5336/ft5336.o
                0x000000000800619a                ft5336_Init
 .text.ft5336_Reset
                0x00000000080061b6       0x16 Drivers/BSP/Components/ft5336/ft5336.o
                0x00000000080061b6                ft5336_Reset
 .text.ft5336_ReadID
                0x00000000080061cc       0x5c Drivers/BSP/Components/ft5336/ft5336.o
                0x00000000080061cc                ft5336_ReadID
 .text.ft5336_TS_Start
                0x0000000008006228       0x22 Drivers/BSP/Components/ft5336/ft5336.o
                0x0000000008006228                ft5336_TS_Start
 *fill*         0x000000000800624a        0x2 
 .text.ft5336_TS_DetectTouch
                0x000000000800624c       0x54 Drivers/BSP/Components/ft5336/ft5336.o
                0x000000000800624c                ft5336_TS_DetectTouch
 .text.ft5336_TS_GetXY
                0x00000000080062a0      0x1e0 Drivers/BSP/Components/ft5336/ft5336.o
                0x00000000080062a0                ft5336_TS_GetXY
 .text.ft5336_TS_EnableIT
                0x0000000008006480       0x28 Drivers/BSP/Components/ft5336/ft5336.o
                0x0000000008006480                ft5336_TS_EnableIT
 .text.ft5336_TS_DisableIT
                0x00000000080064a8       0x28 Drivers/BSP/Components/ft5336/ft5336.o
                0x00000000080064a8                ft5336_TS_DisableIT
 .text.ft5336_TS_ITStatus
                0x00000000080064d0       0x18 Drivers/BSP/Components/ft5336/ft5336.o
                0x00000000080064d0                ft5336_TS_ITStatus
 .text.ft5336_TS_ClearIT
                0x00000000080064e8       0x16 Drivers/BSP/Components/ft5336/ft5336.o
                0x00000000080064e8                ft5336_TS_ClearIT
 *fill*         0x00000000080064fe        0x2 
 .text.ft5336_Get_I2C_InitializedStatus
                0x0000000008006500       0x18 Drivers/BSP/Components/ft5336/ft5336.o
 .text.ft5336_I2C_InitializeIfRequired
                0x0000000008006518       0x20 Drivers/BSP/Components/ft5336/ft5336.o
 .text.ft5336_TS_Configure
                0x0000000008006538       0x1c Drivers/BSP/Components/ft5336/ft5336.o
 .text.I2Cx_MspInit
                0x0000000008006554      0x160 Drivers/BSP/src/stm32746g_discovery.o
 .text.I2Cx_Init
                0x00000000080066b4       0x78 Drivers/BSP/src/stm32746g_discovery.o
 .text.I2Cx_ReadMultiple
                0x000000000800672c       0x5a Drivers/BSP/src/stm32746g_discovery.o
 .text.I2Cx_WriteMultiple
                0x0000000008006786       0x5a Drivers/BSP/src/stm32746g_discovery.o
 .text.I2Cx_Error
                0x00000000080067e0       0x20 Drivers/BSP/src/stm32746g_discovery.o
 .text.TS_IO_Init
                0x0000000008006800       0x14 Drivers/BSP/src/stm32746g_discovery.o
                0x0000000008006800                TS_IO_Init
 .text.TS_IO_Write
                0x0000000008006814       0x34 Drivers/BSP/src/stm32746g_discovery.o
                0x0000000008006814                TS_IO_Write
 .text.TS_IO_Read
                0x0000000008006848       0x3c Drivers/BSP/src/stm32746g_discovery.o
                0x0000000008006848                TS_IO_Read
 .text.TS_IO_Delay
                0x0000000008006884       0x16 Drivers/BSP/src/stm32746g_discovery.o
                0x0000000008006884                TS_IO_Delay
 *fill*         0x000000000800689a        0x2 
 .text.BSP_LCD_Init
                0x000000000800689c       0xe0 Drivers/BSP/src/stm32746g_discovery_lcd.o
                0x000000000800689c                BSP_LCD_Init
 .text.BSP_LCD_GetXSize
                0x000000000800697c       0x28 Drivers/BSP/src/stm32746g_discovery_lcd.o
                0x000000000800697c                BSP_LCD_GetXSize
 .text.BSP_LCD_GetYSize
                0x00000000080069a4       0x28 Drivers/BSP/src/stm32746g_discovery_lcd.o
                0x00000000080069a4                BSP_LCD_GetYSize
 .text.BSP_LCD_LayerDefaultInit
                0x00000000080069cc       0xc0 Drivers/BSP/src/stm32746g_discovery_lcd.o
                0x00000000080069cc                BSP_LCD_LayerDefaultInit
 .text.BSP_LCD_SelectLayer
                0x0000000008006a8c       0x20 Drivers/BSP/src/stm32746g_discovery_lcd.o
                0x0000000008006a8c                BSP_LCD_SelectLayer
 .text.BSP_LCD_SetFont
                0x0000000008006aac       0x34 Drivers/BSP/src/stm32746g_discovery_lcd.o
                0x0000000008006aac                BSP_LCD_SetFont
 .text.BSP_LCD_Clear
                0x0000000008006ae0       0x50 Drivers/BSP/src/stm32746g_discovery_lcd.o
                0x0000000008006ae0                BSP_LCD_Clear
 .text.BSP_LCD_DrawPixel
                0x0000000008006b30       0x90 Drivers/BSP/src/stm32746g_discovery_lcd.o
                0x0000000008006b30                BSP_LCD_DrawPixel
 .text.BSP_LCD_DisplayOn
                0x0000000008006bc0       0x3c Drivers/BSP/src/stm32746g_discovery_lcd.o
                0x0000000008006bc0                BSP_LCD_DisplayOn
 .text.BSP_LCD_MspInit
                0x0000000008006bfc      0x1b4 Drivers/BSP/src/stm32746g_discovery_lcd.o
                0x0000000008006bfc                BSP_LCD_MspInit
 .text.BSP_LCD_ClockConfig
                0x0000000008006db0       0x38 Drivers/BSP/src/stm32746g_discovery_lcd.o
                0x0000000008006db0                BSP_LCD_ClockConfig
 .text.LL_FillBuffer
                0x0000000008006de8       0x98 Drivers/BSP/src/stm32746g_discovery_lcd.o
 .text.BSP_SDRAM_Init
                0x0000000008006e80       0xbc Drivers/BSP/src/stm32746g_discovery_sdram.o
                0x0000000008006e80                BSP_SDRAM_Init
 .text.BSP_SDRAM_Initialization_sequence
                0x0000000008006f3c       0xc0 Drivers/BSP/src/stm32746g_discovery_sdram.o
                0x0000000008006f3c                BSP_SDRAM_Initialization_sequence
 .text.BSP_SDRAM_MspInit
                0x0000000008006ffc      0x1f0 Drivers/BSP/src/stm32746g_discovery_sdram.o
                0x0000000008006ffc                BSP_SDRAM_MspInit
 .text.BSP_TS_Init
                0x00000000080071ec       0x80 Drivers/BSP/src/stm32746g_discovery_ts.o
                0x00000000080071ec                BSP_TS_Init
 .text.HAL_Init
                0x000000000800726c       0x1a Drivers/STM32F7xx_HAL_Driver/Src/stm32f7xx_hal.o
                0x000000000800726c                HAL_Init
 *fill*         0x0000000008007286        0x2 
 .text.HAL_IncTick
                0x0000000008007288       0x28 Drivers/STM32F7xx_HAL_Driver/Src/stm32f7xx_hal.o
                0x0000000008007288                HAL_IncTick
 .text.HAL_GetTick
                0x00000000080072b0       0x18 Drivers/STM32F7xx_HAL_Driver/Src/stm32f7xx_hal.o
                0x00000000080072b0                HAL_GetTick
 .text.HAL_Delay
                0x00000000080072c8       0x48 Drivers/STM32F7xx_HAL_Driver/Src/stm32f7xx_hal.o
                0x00000000080072c8                HAL_Delay
 .text.__NVIC_SetPriorityGrouping
                0x0000000008007310       0x48 Drivers/STM32F7xx_HAL_Driver/Src/stm32f7xx_hal_cortex.o
 .text.__NVIC_GetPriorityGrouping
                0x0000000008007358       0x1c Drivers/STM32F7xx_HAL_Driver/Src/stm32f7xx_hal_cortex.o
 .text.__NVIC_EnableIRQ
                0x0000000008007374       0x3c Drivers/STM32F7xx_HAL_Driver/Src/stm32f7xx_hal_cortex.o
 .text.__NVIC_SetPriority
                0x00000000080073b0       0x54 Drivers/STM32F7xx_HAL_Driver/Src/stm32f7xx_hal_cortex.o
 .text.NVIC_EncodePriority
                0x0000000008007404       0x66 Drivers/STM32F7xx_HAL_Driver/Src/stm32f7xx_hal_cortex.o
 .text.HAL_NVIC_SetPriorityGrouping
                0x000000000800746a       0x16 Drivers/STM32F7xx_HAL_Driver/Src/stm32f7xx_hal_cortex.o
                0x000000000800746a                HAL_NVIC_SetPriorityGrouping
 .text.HAL_NVIC_SetPriority
                0x0000000008007480       0x38 Drivers/STM32F7xx_HAL_Driver/Src/stm32f7xx_hal_cortex.o
                0x0000000008007480                HAL_NVIC_SetPriority
 .text.HAL_NVIC_EnableIRQ
                0x00000000080074b8       0x1c Drivers/STM32F7xx_HAL_Driver/Src/stm32f7xx_hal_cortex.o
                0x00000000080074b8                HAL_NVIC_EnableIRQ
 .text.HAL_CRC_Init
                0x00000000080074d4       0xc8 Drivers/STM32F7xx_HAL_Driver/Src/stm32f7xx_hal_crc.o
                0x00000000080074d4                HAL_CRC_Init
 .text.HAL_CRCEx_Polynomial_Set
                0x000000000800759c      0x10c Drivers/STM32F7xx_HAL_Driver/Src/stm32f7xx_hal_crc_ex.o
                0x000000000800759c                HAL_CRCEx_Polynomial_Set
 .text.HAL_DMA_Init
                0x00000000080076a8      0x15c Drivers/STM32F7xx_HAL_Driver/Src/stm32f7xx_hal_dma.o
                0x00000000080076a8                HAL_DMA_Init
 .text.HAL_DMA_DeInit
                0x0000000008007804       0xbc Drivers/STM32F7xx_HAL_Driver/Src/stm32f7xx_hal_dma.o
                0x0000000008007804                HAL_DMA_DeInit
 .text.DMA_CalcBaseAndBitshift
                0x00000000080078c0       0x6c Drivers/STM32F7xx_HAL_Driver/Src/stm32f7xx_hal_dma.o
 .text.DMA_CheckFifoParam
                0x000000000800792c       0xf8 Drivers/STM32F7xx_HAL_Driver/Src/stm32f7xx_hal_dma.o
 .text.HAL_DMA2D_Init
                0x0000000008007a24       0x94 Drivers/STM32F7xx_HAL_Driver/Src/stm32f7xx_hal_dma2d.o
                0x0000000008007a24                HAL_DMA2D_Init
 .text.HAL_DMA2D_Start
                0x0000000008007ab8       0x56 Drivers/STM32F7xx_HAL_Driver/Src/stm32f7xx_hal_dma2d.o
                0x0000000008007ab8                HAL_DMA2D_Start
 .text.HAL_DMA2D_PollForTransfer
                0x0000000008007b0e      0x1d2 Drivers/STM32F7xx_HAL_Driver/Src/stm32f7xx_hal_dma2d.o
                0x0000000008007b0e                HAL_DMA2D_PollForTransfer
 .text.HAL_DMA2D_IRQHandler
                0x0000000008007ce0      0x1f8 Drivers/STM32F7xx_HAL_Driver/Src/stm32f7xx_hal_dma2d.o
                0x0000000008007ce0                HAL_DMA2D_IRQHandler
 .text.HAL_DMA2D_LineEventCallback
                0x0000000008007ed8       0x14 Drivers/STM32F7xx_HAL_Driver/Src/stm32f7xx_hal_dma2d.o
                0x0000000008007ed8                HAL_DMA2D_LineEventCallback
 .text.HAL_DMA2D_CLUTLoadingCpltCallback
                0x0000000008007eec       0x14 Drivers/STM32F7xx_HAL_Driver/Src/stm32f7xx_hal_dma2d.o
                0x0000000008007eec                HAL_DMA2D_CLUTLoadingCpltCallback
 .text.HAL_DMA2D_ConfigLayer
                0x0000000008007f00      0x124 Drivers/STM32F7xx_HAL_Driver/Src/stm32f7xx_hal_dma2d.o
                0x0000000008007f00                HAL_DMA2D_ConfigLayer
 .text.DMA2D_SetConfig
                0x0000000008008024      0x138 Drivers/STM32F7xx_HAL_Driver/Src/stm32f7xx_hal_dma2d.o
 .text.HAL_GPIO_Init
                0x000000000800815c      0x358 Drivers/STM32F7xx_HAL_Driver/Src/stm32f7xx_hal_gpio.o
                0x000000000800815c                HAL_GPIO_Init
 .text.HAL_GPIO_DeInit
                0x00000000080084b4      0x218 Drivers/STM32F7xx_HAL_Driver/Src/stm32f7xx_hal_gpio.o
                0x00000000080084b4                HAL_GPIO_DeInit
 .text.HAL_GPIO_WritePin
                0x00000000080086cc       0x32 Drivers/STM32F7xx_HAL_Driver/Src/stm32f7xx_hal_gpio.o
                0x00000000080086cc                HAL_GPIO_WritePin
 *fill*         0x00000000080086fe        0x2 
 .text.HAL_GPIO_EXTI_IRQHandler
                0x0000000008008700       0x30 Drivers/STM32F7xx_HAL_Driver/Src/stm32f7xx_hal_gpio.o
                0x0000000008008700                HAL_GPIO_EXTI_IRQHandler
 .text.HAL_GPIO_EXTI_Callback
                0x0000000008008730       0x16 Drivers/STM32F7xx_HAL_Driver/Src/stm32f7xx_hal_gpio.o
                0x0000000008008730                HAL_GPIO_EXTI_Callback
 *fill*         0x0000000008008746        0x2 
 .text.HAL_I2C_Init
                0x0000000008008748      0x120 Drivers/STM32F7xx_HAL_Driver/Src/stm32f7xx_hal_i2c.o
                0x0000000008008748                HAL_I2C_Init
 .text.HAL_I2C_DeInit
                0x0000000008008868       0x5e Drivers/STM32F7xx_HAL_Driver/Src/stm32f7xx_hal_i2c.o
                0x0000000008008868                HAL_I2C_DeInit
 *fill*         0x00000000080088c6        0x2 
 .text.HAL_I2C_Mem_Write
                0x00000000080088c8      0x228 Drivers/STM32F7xx_HAL_Driver/Src/stm32f7xx_hal_i2c.o
                0x00000000080088c8                HAL_I2C_Mem_Write
 .text.HAL_I2C_Mem_Read
                0x0000000008008af0      0x234 Drivers/STM32F7xx_HAL_Driver/Src/stm32f7xx_hal_i2c.o
                0x0000000008008af0                HAL_I2C_Mem_Read
 .text.HAL_I2C_GetState
                0x0000000008008d24       0x1c Drivers/STM32F7xx_HAL_Driver/Src/stm32f7xx_hal_i2c.o
                0x0000000008008d24                HAL_I2C_GetState
 .text.I2C_RequestMemoryWrite
                0x0000000008008d40       0xa8 Drivers/STM32F7xx_HAL_Driver/Src/stm32f7xx_hal_i2c.o
 .text.I2C_RequestMemoryRead
                0x0000000008008de8       0xa8 Drivers/STM32F7xx_HAL_Driver/Src/stm32f7xx_hal_i2c.o
 .text.I2C_Flush_TXDR
                0x0000000008008e90       0x48 Drivers/STM32F7xx_HAL_Driver/Src/stm32f7xx_hal_i2c.o
 .text.I2C_WaitOnFlagUntilTimeout
                0x0000000008008ed8       0x80 Drivers/STM32F7xx_HAL_Driver/Src/stm32f7xx_hal_i2c.o
 .text.I2C_WaitOnTXISFlagUntilTimeout
                0x0000000008008f58       0x80 Drivers/STM32F7xx_HAL_Driver/Src/stm32f7xx_hal_i2c.o
 .text.I2C_WaitOnSTOPFlagUntilTimeout
                0x0000000008008fd8       0x78 Drivers/STM32F7xx_HAL_Driver/Src/stm32f7xx_hal_i2c.o
 .text.I2C_IsErrorOccurred
                0x0000000008009050      0x1d8 Drivers/STM32F7xx_HAL_Driver/Src/stm32f7xx_hal_i2c.o
 .text.I2C_TransferConfig
                0x0000000008009228       0x64 Drivers/STM32F7xx_HAL_Driver/Src/stm32f7xx_hal_i2c.o
 .text.HAL_I2CEx_ConfigAnalogFilter
                0x000000000800928c       0x96 Drivers/STM32F7xx_HAL_Driver/Src/stm32f7xx_hal_i2c_ex.o
                0x000000000800928c                HAL_I2CEx_ConfigAnalogFilter
 .text.HAL_I2CEx_ConfigDigitalFilter
                0x0000000008009322       0x98 Drivers/STM32F7xx_HAL_Driver/Src/stm32f7xx_hal_i2c_ex.o
                0x0000000008009322                HAL_I2CEx_ConfigDigitalFilter
 *fill*         0x00000000080093ba        0x2 
 .text.HAL_LTDC_Init
                0x00000000080093bc      0x1a0 Drivers/STM32F7xx_HAL_Driver/Src/stm32f7xx_hal_ltdc.o
                0x00000000080093bc                HAL_LTDC_Init
 .text.HAL_LTDC_IRQHandler
                0x000000000800955c      0x148 Drivers/STM32F7xx_HAL_Driver/Src/stm32f7xx_hal_ltdc.o
                0x000000000800955c                HAL_LTDC_IRQHandler
 .text.HAL_LTDC_ErrorCallback
                0x00000000080096a4       0x14 Drivers/STM32F7xx_HAL_Driver/Src/stm32f7xx_hal_ltdc.o
                0x00000000080096a4                HAL_LTDC_ErrorCallback
 .text.HAL_LTDC_LineEventCallback
                0x00000000080096b8       0x14 Drivers/STM32F7xx_HAL_Driver/Src/stm32f7xx_hal_ltdc.o
                0x00000000080096b8                HAL_LTDC_LineEventCallback
 .text.HAL_LTDC_ReloadEventCallback
                0x00000000080096cc       0x14 Drivers/STM32F7xx_HAL_Driver/Src/stm32f7xx_hal_ltdc.o
                0x00000000080096cc                HAL_LTDC_ReloadEventCallback
 .text.HAL_LTDC_ConfigLayer
                0x00000000080096e0       0x7c Drivers/STM32F7xx_HAL_Driver/Src/stm32f7xx_hal_ltdc.o
                0x00000000080096e0                HAL_LTDC_ConfigLayer
 .text.HAL_LTDC_GetState
                0x000000000800975c       0x1c Drivers/STM32F7xx_HAL_Driver/Src/stm32f7xx_hal_ltdc.o
                0x000000000800975c                HAL_LTDC_GetState
 .text.LTDC_SetConfig
                0x0000000008009778      0x334 Drivers/STM32F7xx_HAL_Driver/Src/stm32f7xx_hal_ltdc.o
 .text.HAL_PWR_EnableBkUpAccess
                0x0000000008009aac       0x20 Drivers/STM32F7xx_HAL_Driver/Src/stm32f7xx_hal_pwr.o
                0x0000000008009aac                HAL_PWR_EnableBkUpAccess
 .text.HAL_PWREx_EnableOverDrive
                0x0000000008009acc       0xa0 Drivers/STM32F7xx_HAL_Driver/Src/stm32f7xx_hal_pwr_ex.o
                0x0000000008009acc                HAL_PWREx_EnableOverDrive
 .text.HAL_RCC_OscConfig
                0x0000000008009b6c      0x548 Drivers/STM32F7xx_HAL_Driver/Src/stm32f7xx_hal_rcc.o
                0x0000000008009b6c                HAL_RCC_OscConfig
 .text.HAL_RCC_ClockConfig
                0x000000000800a0b4      0x1d8 Drivers/STM32F7xx_HAL_Driver/Src/stm32f7xx_hal_rcc.o
                0x000000000800a0b4                HAL_RCC_ClockConfig
 .text.HAL_RCC_GetSysClockFreq
                0x000000000800a28c      0x16c Drivers/STM32F7xx_HAL_Driver/Src/stm32f7xx_hal_rcc.o
                0x000000000800a28c                HAL_RCC_GetSysClockFreq
 .text.HAL_RCC_GetHCLKFreq
                0x000000000800a3f8       0x18 Drivers/STM32F7xx_HAL_Driver/Src/stm32f7xx_hal_rcc.o
                0x000000000800a3f8                HAL_RCC_GetHCLKFreq
 .text.HAL_RCC_GetPCLK1Freq
                0x000000000800a410       0x28 Drivers/STM32F7xx_HAL_Driver/Src/stm32f7xx_hal_rcc.o
                0x000000000800a410                HAL_RCC_GetPCLK1Freq
 .text.HAL_RCC_GetPCLK2Freq
                0x000000000800a438       0x28 Drivers/STM32F7xx_HAL_Driver/Src/stm32f7xx_hal_rcc.o
                0x000000000800a438                HAL_RCC_GetPCLK2Freq
 .text.HAL_RCC_GetClockConfig
                0x000000000800a460       0x64 Drivers/STM32F7xx_HAL_Driver/Src/stm32f7xx_hal_rcc.o
                0x000000000800a460                HAL_RCC_GetClockConfig
 .text.HAL_RCCEx_PeriphCLKConfig
                0x000000000800a4c4      0x7e0 Drivers/STM32F7xx_HAL_Driver/Src/stm32f7xx_hal_rcc_ex.o
                0x000000000800a4c4                HAL_RCCEx_PeriphCLKConfig
 .text.HAL_RNG_Init
                0x000000000800aca4       0x54 Drivers/STM32F7xx_HAL_Driver/Src/stm32f7xx_hal_rng.o
                0x000000000800aca4                HAL_RNG_Init
 .text.HAL_RNG_GetRandomNumber_IT
                0x000000000800acf8       0x4a Drivers/STM32F7xx_HAL_Driver/Src/stm32f7xx_hal_rng.o
                0x000000000800acf8                HAL_RNG_GetRandomNumber_IT
 .text.HAL_RNG_IRQHandler
                0x000000000800ad42       0xac Drivers/STM32F7xx_HAL_Driver/Src/stm32f7xx_hal_rng.o
                0x000000000800ad42                HAL_RNG_IRQHandler
 .text.HAL_RNG_ReadyDataCallback
                0x000000000800adee       0x16 Drivers/STM32F7xx_HAL_Driver/Src/stm32f7xx_hal_rng.o
                0x000000000800adee                HAL_RNG_ReadyDataCallback
 .text.HAL_RNG_ErrorCallback
                0x000000000800ae04       0x14 Drivers/STM32F7xx_HAL_Driver/Src/stm32f7xx_hal_rng.o
                0x000000000800ae04                HAL_RNG_ErrorCallback
 .text.HAL_SDRAM_Init
                0x000000000800ae18       0x68 Drivers/STM32F7xx_HAL_Driver/Src/stm32f7xx_hal_sdram.o
                0x000000000800ae18                HAL_SDRAM_Init
 .text.HAL_SDRAM_SendCommand
                0x000000000800ae80       0x6a Drivers/STM32F7xx_HAL_Driver/Src/stm32f7xx_hal_sdram.o
                0x000000000800ae80                HAL_SDRAM_SendCommand
 .text.HAL_SDRAM_ProgramRefreshRate
                0x000000000800aeea       0x50 Drivers/STM32F7xx_HAL_Driver/Src/stm32f7xx_hal_sdram.o
                0x000000000800aeea                HAL_SDRAM_ProgramRefreshRate
 .text.HAL_TIM_Base_Init
                0x000000000800af3a       0xae Drivers/STM32F7xx_HAL_Driver/Src/stm32f7xx_hal_tim.o
                0x000000000800af3a                HAL_TIM_Base_Init
 .text.HAL_TIM_Base_MspInit
                0x000000000800afe8       0x14 Drivers/STM32F7xx_HAL_Driver/Src/stm32f7xx_hal_tim.o
                0x000000000800afe8                HAL_TIM_Base_MspInit
 .text.HAL_TIM_Base_Start_IT
                0x000000000800affc       0xf0 Drivers/STM32F7xx_HAL_Driver/Src/stm32f7xx_hal_tim.o
                0x000000000800affc                HAL_TIM_Base_Start_IT
 .text.HAL_TIM_IRQHandler
                0x000000000800b0ec      0x23e Drivers/STM32F7xx_HAL_Driver/Src/stm32f7xx_hal_tim.o
                0x000000000800b0ec                HAL_TIM_IRQHandler
 .text.HAL_TIM_OC_DelayElapsedCallback
                0x000000000800b32a       0x14 Drivers/STM32F7xx_HAL_Driver/Src/stm32f7xx_hal_tim.o
                0x000000000800b32a                HAL_TIM_OC_DelayElapsedCallback
 .text.HAL_TIM_IC_CaptureCallback
                0x000000000800b33e       0x14 Drivers/STM32F7xx_HAL_Driver/Src/stm32f7xx_hal_tim.o
                0x000000000800b33e                HAL_TIM_IC_CaptureCallback
 .text.HAL_TIM_PWM_PulseFinishedCallback
                0x000000000800b352       0x14 Drivers/STM32F7xx_HAL_Driver/Src/stm32f7xx_hal_tim.o
                0x000000000800b352                HAL_TIM_PWM_PulseFinishedCallback
 .text.HAL_TIM_TriggerCallback
                0x000000000800b366       0x14 Drivers/STM32F7xx_HAL_Driver/Src/stm32f7xx_hal_tim.o
                0x000000000800b366                HAL_TIM_TriggerCallback
 *fill*         0x000000000800b37a        0x2 
 .text.TIM_Base_SetConfig
                0x000000000800b37c      0x140 Drivers/STM32F7xx_HAL_Driver/Src/stm32f7xx_hal_tim.o
                0x000000000800b37c                TIM_Base_SetConfig
 .text.HAL_TIMEx_CommutCallback
                0x000000000800b4bc       0x14 Drivers/STM32F7xx_HAL_Driver/Src/stm32f7xx_hal_tim_ex.o
                0x000000000800b4bc                HAL_TIMEx_CommutCallback
 .text.HAL_TIMEx_BreakCallback
                0x000000000800b4d0       0x14 Drivers/STM32F7xx_HAL_Driver/Src/stm32f7xx_hal_tim_ex.o
                0x000000000800b4d0                HAL_TIMEx_BreakCallback
 .text.HAL_TIMEx_Break2Callback
                0x000000000800b4e4       0x14 Drivers/STM32F7xx_HAL_Driver/Src/stm32f7xx_hal_tim_ex.o
                0x000000000800b4e4                HAL_TIMEx_Break2Callback
 .text.HAL_UART_Init
                0x000000000800b4f8       0x9c Drivers/STM32F7xx_HAL_Driver/Src/stm32f7xx_hal_uart.o
                0x000000000800b4f8                HAL_UART_Init
 .text.UART_SetConfig
                0x000000000800b594      0x4c4 Drivers/STM32F7xx_HAL_Driver/Src/stm32f7xx_hal_uart.o
                0x000000000800b594                UART_SetConfig
 .text.UART_AdvFeatureConfig
                0x000000000800ba58      0x144 Drivers/STM32F7xx_HAL_Driver/Src/stm32f7xx_hal_uart.o
                0x000000000800ba58                UART_AdvFeatureConfig
 .text.UART_CheckIdleState
                0x000000000800bb9c       0x66 Drivers/STM32F7xx_HAL_Driver/Src/stm32f7xx_hal_uart.o
                0x000000000800bb9c                UART_CheckIdleState
 .text.UART_WaitOnFlagUntilTimeout
                0x000000000800bc02      0x188 Drivers/STM32F7xx_HAL_Driver/Src/stm32f7xx_hal_uart.o
                0x000000000800bc02                UART_WaitOnFlagUntilTimeout
 *fill*         0x000000000800bd8a        0x2 
 .text.FMC_SDRAM_Init
                0x000000000800bd8c       0xb8 Drivers/STM32F7xx_HAL_Driver/Src/stm32f7xx_ll_fmc.o
                0x000000000800bd8c                FMC_SDRAM_Init
 .text.FMC_SDRAM_Timing_Init
                0x000000000800be44       0xd4 Drivers/STM32F7xx_HAL_Driver/Src/stm32f7xx_ll_fmc.o
                0x000000000800be44                FMC_SDRAM_Timing_Init
 .text.FMC_SDRAM_SendCommand
                0x000000000800bf18       0x48 Drivers/STM32F7xx_HAL_Driver/Src/stm32f7xx_ll_fmc.o
                0x000000000800bf18                FMC_SDRAM_SendCommand
 .text.FMC_SDRAM_ProgramRefreshRate
                0x000000000800bf60       0x30 Drivers/STM32F7xx_HAL_Driver/Src/stm32f7xx_ll_fmc.o
                0x000000000800bf60                FMC_SDRAM_ProgramRefreshRate
 .text.vListInsertEnd
                0x000000000800bf90       0x48 Middlewares/Third_Party/FreeRTOS/Source/list.o
                0x000000000800bf90                vListInsertEnd
 .text.uxListRemove
                0x000000000800bfd8       0x54 Middlewares/Third_Party/FreeRTOS/Source/list.o
                0x000000000800bfd8                uxListRemove
 .text.xTaskIncrementTick
                0x000000000800c02c      0x174 Middlewares/Third_Party/FreeRTOS/Source/tasks.o
                0x000000000800c02c                xTaskIncrementTick
 .text.vTaskSwitchContext
                0x000000000800c1a0       0xbc Middlewares/Third_Party/FreeRTOS/Source/tasks.o
                0x000000000800c1a0                vTaskSwitchContext
 .text.prvResetNextTaskUnblockTime
                0x000000000800c25c       0x40 Middlewares/Third_Party/FreeRTOS/Source/tasks.o
 *fill*         0x000000000800c29c        0x4 
 .text.SVC_Handler
                0x000000000800c2a0       0x28 Middlewares/Third_Party/FreeRTOS/Source/portable/GCC/ARM_CM7/r0p1/port.o
                0x000000000800c2a0                SVC_Handler
 *fill*         0x000000000800c2c8        0x8 
 .text.PendSV_Handler
                0x000000000800c2d0       0x68 Middlewares/Third_Party/FreeRTOS/Source/portable/GCC/ARM_CM7/r0p1/port.o
                0x000000000800c2d0                PendSV_Handler
 .text.SysTick_Handler
                0x000000000800c338       0x48 Middlewares/Third_Party/FreeRTOS/Source/portable/GCC/ARM_CM7/r0p1/port.o
                0x000000000800c338                SysTick_Handler
 .text.calloc   0x000000000800c380       0x10 /Applications/STM32CubeIDE.app/Contents/Eclipse/plugins/com.st.stm32cube.ide.mcu.externaltools.gnu-tools-for-stm32.9-2020-q2-update.macos64_1.5.0.202011040924/tools/bin/../lib/gcc/arm-none-eabi/9.3.1/../../../../arm-none-eabi/lib/thumb/v7e-m+fp/hard/libc_nano.a(lib_a-calloc.o)
                0x000000000800c380                calloc
 .text.__errno  0x000000000800c390        0xc /Applications/STM32CubeIDE.app/Contents/Eclipse/plugins/com.st.stm32cube.ide.mcu.externaltools.gnu-tools-for-stm32.9-2020-q2-update.macos64_1.5.0.202011040924/tools/bin/../lib/gcc/arm-none-eabi/9.3.1/../../../../arm-none-eabi/lib/thumb/v7e-m+fp/hard/libc_nano.a(lib_a-errno.o)
                0x000000000800c390                __errno
 .text.__libc_init_array
                0x000000000800c39c       0x48 /Applications/STM32CubeIDE.app/Contents/Eclipse/plugins/com.st.stm32cube.ide.mcu.externaltools.gnu-tools-for-stm32.9-2020-q2-update.macos64_1.5.0.202011040924/tools/bin/../lib/gcc/arm-none-eabi/9.3.1/../../../../arm-none-eabi/lib/thumb/v7e-m+fp/hard/libc_nano.a(lib_a-init.o)
                0x000000000800c39c                __libc_init_array
 .text.malloc   0x000000000800c3e4       0x10 /Applications/STM32CubeIDE.app/Contents/Eclipse/plugins/com.st.stm32cube.ide.mcu.externaltools.gnu-tools-for-stm32.9-2020-q2-update.macos64_1.5.0.202011040924/tools/bin/../lib/gcc/arm-none-eabi/9.3.1/../../../../arm-none-eabi/lib/thumb/v7e-m+fp/hard/libc_nano.a(lib_a-malloc.o)
                0x000000000800c3e4                malloc
 .text.memcpy   0x000000000800c3f4       0x1c /Applications/STM32CubeIDE.app/Contents/Eclipse/plugins/com.st.stm32cube.ide.mcu.externaltools.gnu-tools-for-stm32.9-2020-q2-update.macos64_1.5.0.202011040924/tools/bin/../lib/gcc/arm-none-eabi/9.3.1/../../../../arm-none-eabi/lib/thumb/v7e-m+fp/hard/libc_nano.a(lib_a-memcpy-stub.o)
                0x000000000800c3f4                memcpy
 .text.memset   0x000000000800c410       0x10 /Applications/STM32CubeIDE.app/Contents/Eclipse/plugins/com.st.stm32cube.ide.mcu.externaltools.gnu-tools-for-stm32.9-2020-q2-update.macos64_1.5.0.202011040924/tools/bin/../lib/gcc/arm-none-eabi/9.3.1/../../../../arm-none-eabi/lib/thumb/v7e-m+fp/hard/libc_nano.a(lib_a-memset.o)
                0x000000000800c410                memset
 .text._calloc_r
                0x000000000800c420       0x1e /Applications/STM32CubeIDE.app/Contents/Eclipse/plugins/com.st.stm32cube.ide.mcu.externaltools.gnu-tools-for-stm32.9-2020-q2-update.macos64_1.5.0.202011040924/tools/bin/../lib/gcc/arm-none-eabi/9.3.1/../../../../arm-none-eabi/lib/thumb/v7e-m+fp/hard/libc_nano.a(lib_a-nano-callocr.o)
                0x000000000800c420                _calloc_r
 *fill*         0x000000000800c43e        0x2 
 .text._free_r  0x000000000800c440       0xa0 /Applications/STM32CubeIDE.app/Contents/Eclipse/plugins/com.st.stm32cube.ide.mcu.externaltools.gnu-tools-for-stm32.9-2020-q2-update.macos64_1.5.0.202011040924/tools/bin/../lib/gcc/arm-none-eabi/9.3.1/../../../../arm-none-eabi/lib/thumb/v7e-m+fp/hard/libc_nano.a(lib_a-nano-freer.o)
                0x000000000800c440                _free_r
 .text._malloc_r
                0x000000000800c4e0       0xb4 /Applications/STM32CubeIDE.app/Contents/Eclipse/plugins/com.st.stm32cube.ide.mcu.externaltools.gnu-tools-for-stm32.9-2020-q2-update.macos64_1.5.0.202011040924/tools/bin/../lib/gcc/arm-none-eabi/9.3.1/../../../../arm-none-eabi/lib/thumb/v7e-m+fp/hard/libc_nano.a(lib_a-nano-mallocr.o)
                0x000000000800c4e0                _malloc_r
 .text.srand    0x000000000800c594       0x5c /Applications/STM32CubeIDE.app/Contents/Eclipse/plugins/com.st.stm32cube.ide.mcu.externaltools.gnu-tools-for-stm32.9-2020-q2-update.macos64_1.5.0.202011040924/tools/bin/../lib/gcc/arm-none-eabi/9.3.1/../../../../arm-none-eabi/lib/thumb/v7e-m+fp/hard/libc_nano.a(lib_a-rand.o)
                0x000000000800c594                srand
 .text.rand     0x000000000800c5f0       0x80 /Applications/STM32CubeIDE.app/Contents/Eclipse/plugins/com.st.stm32cube.ide.mcu.externaltools.gnu-tools-for-stm32.9-2020-q2-update.macos64_1.5.0.202011040924/tools/bin/../lib/gcc/arm-none-eabi/9.3.1/../../../../arm-none-eabi/lib/thumb/v7e-m+fp/hard/libc_nano.a(lib_a-rand.o)
                0x000000000800c5f0                rand
 .text._sbrk_r  0x000000000800c670       0x20 /Applications/STM32CubeIDE.app/Contents/Eclipse/plugins/com.st.stm32cube.ide.mcu.externaltools.gnu-tools-for-stm32.9-2020-q2-update.macos64_1.5.0.202011040924/tools/bin/../lib/gcc/arm-none-eabi/9.3.1/../../../../arm-none-eabi/lib/thumb/v7e-m+fp/hard/libc_nano.a(lib_a-sbrkr.o)
                0x000000000800c670                _sbrk_r
 .text.__assert_func
                0x000000000800c690       0x3c /Applications/STM32CubeIDE.app/Contents/Eclipse/plugins/com.st.stm32cube.ide.mcu.externaltools.gnu-tools-for-stm32.9-2020-q2-update.macos64_1.5.0.202011040924/tools/bin/../lib/gcc/arm-none-eabi/9.3.1/../../../../arm-none-eabi/lib/thumb/v7e-m+fp/hard/libc_nano.a(lib_a-assert.o)
                0x000000000800c690                __assert_func
 .text.fprintf  0x000000000800c6cc       0x24 /Applications/STM32CubeIDE.app/Contents/Eclipse/plugins/com.st.stm32cube.ide.mcu.externaltools.gnu-tools-for-stm32.9-2020-q2-update.macos64_1.5.0.202011040924/tools/bin/../lib/gcc/arm-none-eabi/9.3.1/../../../../arm-none-eabi/lib/thumb/v7e-m+fp/hard/libc_nano.a(lib_a-fprintf.o)
                0x000000000800c6cc                fprintf
                0x000000000800c6cc                fiprintf
 .text.__malloc_lock
                0x000000000800c6f0        0xc /Applications/STM32CubeIDE.app/Contents/Eclipse/plugins/com.st.stm32cube.ide.mcu.externaltools.gnu-tools-for-stm32.9-2020-q2-update.macos64_1.5.0.202011040924/tools/bin/../lib/gcc/arm-none-eabi/9.3.1/../../../../arm-none-eabi/lib/thumb/v7e-m+fp/hard/libc_nano.a(lib_a-mlock.o)
                0x000000000800c6f0                __malloc_lock
 .text.__malloc_unlock
                0x000000000800c6fc        0xc /Applications/STM32CubeIDE.app/Contents/Eclipse/plugins/com.st.stm32cube.ide.mcu.externaltools.gnu-tools-for-stm32.9-2020-q2-update.macos64_1.5.0.202011040924/tools/bin/../lib/gcc/arm-none-eabi/9.3.1/../../../../arm-none-eabi/lib/thumb/v7e-m+fp/hard/libc_nano.a(lib_a-mlock.o)
                0x000000000800c6fc                __malloc_unlock
 .text.__sfputc_r
                0x000000000800c708       0x2e /Applications/STM32CubeIDE.app/Contents/Eclipse/plugins/com.st.stm32cube.ide.mcu.externaltools.gnu-tools-for-stm32.9-2020-q2-update.macos64_1.5.0.202011040924/tools/bin/../lib/gcc/arm-none-eabi/9.3.1/../../../../arm-none-eabi/lib/thumb/v7e-m+fp/hard/libc_nano.a(lib_a-nano-vfprintf.o)
 .text.__sfputs_r
                0x000000000800c736       0x24 /Applications/STM32CubeIDE.app/Contents/Eclipse/plugins/com.st.stm32cube.ide.mcu.externaltools.gnu-tools-for-stm32.9-2020-q2-update.macos64_1.5.0.202011040924/tools/bin/../lib/gcc/arm-none-eabi/9.3.1/../../../../arm-none-eabi/lib/thumb/v7e-m+fp/hard/libc_nano.a(lib_a-nano-vfprintf.o)
                0x000000000800c736                __sfputs_r
 *fill*         0x000000000800c75a        0x2 
 .text._vfprintf_r
                0x000000000800c75c      0x260 /Applications/STM32CubeIDE.app/Contents/Eclipse/plugins/com.st.stm32cube.ide.mcu.externaltools.gnu-tools-for-stm32.9-2020-q2-update.macos64_1.5.0.202011040924/tools/bin/../lib/gcc/arm-none-eabi/9.3.1/../../../../arm-none-eabi/lib/thumb/v7e-m+fp/hard/libc_nano.a(lib_a-nano-vfprintf.o)
                0x000000000800c75c                _vfiprintf_r
                0x000000000800c75c                _vfprintf_r
 .text._printf_common
                0x000000000800c9bc       0xda /Applications/STM32CubeIDE.app/Contents/Eclipse/plugins/com.st.stm32cube.ide.mcu.externaltools.gnu-tools-for-stm32.9-2020-q2-update.macos64_1.5.0.202011040924/tools/bin/../lib/gcc/arm-none-eabi/9.3.1/../../../../arm-none-eabi/lib/thumb/v7e-m+fp/hard/libc_nano.a(lib_a-nano-vfprintf_i.o)
                0x000000000800c9bc                _printf_common
 *fill*         0x000000000800ca96        0x2 
 .text._printf_i
                0x000000000800ca98      0x24c /Applications/STM32CubeIDE.app/Contents/Eclipse/plugins/com.st.stm32cube.ide.mcu.externaltools.gnu-tools-for-stm32.9-2020-q2-update.macos64_1.5.0.202011040924/tools/bin/../lib/gcc/arm-none-eabi/9.3.1/../../../../arm-none-eabi/lib/thumb/v7e-m+fp/hard/libc_nano.a(lib_a-nano-vfprintf_i.o)
                0x000000000800ca98                _printf_i
 .text.__swbuf_r
                0x000000000800cce4       0xa4 /Applications/STM32CubeIDE.app/Contents/Eclipse/plugins/com.st.stm32cube.ide.mcu.externaltools.gnu-tools-for-stm32.9-2020-q2-update.macos64_1.5.0.202011040924/tools/bin/../lib/gcc/arm-none-eabi/9.3.1/../../../../arm-none-eabi/lib/thumb/v7e-m+fp/hard/libc_nano.a(lib_a-wbuf.o)
                0x000000000800cce4                __swbuf_r
 .text.__swsetup_r
                0x000000000800cd88       0xdc /Applications/STM32CubeIDE.app/Contents/Eclipse/plugins/com.st.stm32cube.ide.mcu.externaltools.gnu-tools-for-stm32.9-2020-q2-update.macos64_1.5.0.202011040924/tools/bin/../lib/gcc/arm-none-eabi/9.3.1/../../../../arm-none-eabi/lib/thumb/v7e-m+fp/hard/libc_nano.a(lib_a-wsetup.o)
                0x000000000800cd88                __swsetup_r
 .text.abort    0x000000000800ce64        0xe /Applications/STM32CubeIDE.app/Contents/Eclipse/plugins/com.st.stm32cube.ide.mcu.externaltools.gnu-tools-for-stm32.9-2020-q2-update.macos64_1.5.0.202011040924/tools/bin/../lib/gcc/arm-none-eabi/9.3.1/../../../../arm-none-eabi/lib/thumb/v7e-m+fp/hard/libc_nano.a(lib_a-abort.o)
                0x000000000800ce64                abort
 *fill*         0x000000000800ce72        0x2 
 .text.__sflush_r
                0x000000000800ce74      0x10c /Applications/STM32CubeIDE.app/Contents/Eclipse/plugins/com.st.stm32cube.ide.mcu.externaltools.gnu-tools-for-stm32.9-2020-q2-update.macos64_1.5.0.202011040924/tools/bin/../lib/gcc/arm-none-eabi/9.3.1/../../../../arm-none-eabi/lib/thumb/v7e-m+fp/hard/libc_nano.a(lib_a-fflush.o)
                0x000000000800ce74                __sflush_r
 .text._fflush_r
                0x000000000800cf80       0x78 /Applications/STM32CubeIDE.app/Contents/Eclipse/plugins/com.st.stm32cube.ide.mcu.externaltools.gnu-tools-for-stm32.9-2020-q2-update.macos64_1.5.0.202011040924/tools/bin/../lib/gcc/arm-none-eabi/9.3.1/../../../../arm-none-eabi/lib/thumb/v7e-m+fp/hard/libc_nano.a(lib_a-fflush.o)
                0x000000000800cf80                _fflush_r
 .text.std      0x000000000800cff8       0x48 /Applications/STM32CubeIDE.app/Contents/Eclipse/plugins/com.st.stm32cube.ide.mcu.externaltools.gnu-tools-for-stm32.9-2020-q2-update.macos64_1.5.0.202011040924/tools/bin/../lib/gcc/arm-none-eabi/9.3.1/../../../../arm-none-eabi/lib/thumb/v7e-m+fp/hard/libc_nano.a(lib_a-findfp.o)
 .text._cleanup_r
                0x000000000800d040        0xc /Applications/STM32CubeIDE.app/Contents/Eclipse/plugins/com.st.stm32cube.ide.mcu.externaltools.gnu-tools-for-stm32.9-2020-q2-update.macos64_1.5.0.202011040924/tools/bin/../lib/gcc/arm-none-eabi/9.3.1/../../../../arm-none-eabi/lib/thumb/v7e-m+fp/hard/libc_nano.a(lib_a-findfp.o)
                0x000000000800d040                _cleanup_r
 .text.__sfmoreglue
                0x000000000800d04c       0x2c /Applications/STM32CubeIDE.app/Contents/Eclipse/plugins/com.st.stm32cube.ide.mcu.externaltools.gnu-tools-for-stm32.9-2020-q2-update.macos64_1.5.0.202011040924/tools/bin/../lib/gcc/arm-none-eabi/9.3.1/../../../../arm-none-eabi/lib/thumb/v7e-m+fp/hard/libc_nano.a(lib_a-findfp.o)
                0x000000000800d04c                __sfmoreglue
 .text.__sfp_lock_acquire
                0x000000000800d078        0xc /Applications/STM32CubeIDE.app/Contents/Eclipse/plugins/com.st.stm32cube.ide.mcu.externaltools.gnu-tools-for-stm32.9-2020-q2-update.macos64_1.5.0.202011040924/tools/bin/../lib/gcc/arm-none-eabi/9.3.1/../../../../arm-none-eabi/lib/thumb/v7e-m+fp/hard/libc_nano.a(lib_a-findfp.o)
                0x000000000800d078                __sfp_lock_acquire
 .text.__sfp_lock_release
                0x000000000800d084        0xc /Applications/STM32CubeIDE.app/Contents/Eclipse/plugins/com.st.stm32cube.ide.mcu.externaltools.gnu-tools-for-stm32.9-2020-q2-update.macos64_1.5.0.202011040924/tools/bin/../lib/gcc/arm-none-eabi/9.3.1/../../../../arm-none-eabi/lib/thumb/v7e-m+fp/hard/libc_nano.a(lib_a-findfp.o)
                0x000000000800d084                __sfp_lock_release
 .text.__sinit_lock_acquire
                0x000000000800d090        0xc /Applications/STM32CubeIDE.app/Contents/Eclipse/plugins/com.st.stm32cube.ide.mcu.externaltools.gnu-tools-for-stm32.9-2020-q2-update.macos64_1.5.0.202011040924/tools/bin/../lib/gcc/arm-none-eabi/9.3.1/../../../../arm-none-eabi/lib/thumb/v7e-m+fp/hard/libc_nano.a(lib_a-findfp.o)
                0x000000000800d090                __sinit_lock_acquire
 .text.__sinit_lock_release
                0x000000000800d09c        0xc /Applications/STM32CubeIDE.app/Contents/Eclipse/plugins/com.st.stm32cube.ide.mcu.externaltools.gnu-tools-for-stm32.9-2020-q2-update.macos64_1.5.0.202011040924/tools/bin/../lib/gcc/arm-none-eabi/9.3.1/../../../../arm-none-eabi/lib/thumb/v7e-m+fp/hard/libc_nano.a(lib_a-findfp.o)
                0x000000000800d09c                __sinit_lock_release
 .text.__sinit  0x000000000800d0a8       0x70 /Applications/STM32CubeIDE.app/Contents/Eclipse/plugins/com.st.stm32cube.ide.mcu.externaltools.gnu-tools-for-stm32.9-2020-q2-update.macos64_1.5.0.202011040924/tools/bin/../lib/gcc/arm-none-eabi/9.3.1/../../../../arm-none-eabi/lib/thumb/v7e-m+fp/hard/libc_nano.a(lib_a-findfp.o)
                0x000000000800d0a8                __sinit
 .text.__sfp    0x000000000800d118       0x8c /Applications/STM32CubeIDE.app/Contents/Eclipse/plugins/com.st.stm32cube.ide.mcu.externaltools.gnu-tools-for-stm32.9-2020-q2-update.macos64_1.5.0.202011040924/tools/bin/../lib/gcc/arm-none-eabi/9.3.1/../../../../arm-none-eabi/lib/thumb/v7e-m+fp/hard/libc_nano.a(lib_a-findfp.o)
                0x000000000800d118                __sfp
 .text._fwalk_reent
                0x000000000800d1a4       0x3e /Applications/STM32CubeIDE.app/Contents/Eclipse/plugins/com.st.stm32cube.ide.mcu.externaltools.gnu-tools-for-stm32.9-2020-q2-update.macos64_1.5.0.202011040924/tools/bin/../lib/gcc/arm-none-eabi/9.3.1/../../../../arm-none-eabi/lib/thumb/v7e-m+fp/hard/libc_nano.a(lib_a-fwalk.o)
                0x000000000800d1a4                _fwalk_reent
 .text.__retarget_lock_init_recursive
                0x000000000800d1e2        0x2 /Applications/STM32CubeIDE.app/Contents/Eclipse/plugins/com.st.stm32cube.ide.mcu.externaltools.gnu-tools-for-stm32.9-2020-q2-update.macos64_1.5.0.202011040924/tools/bin/../lib/gcc/arm-none-eabi/9.3.1/../../../../arm-none-eabi/lib/thumb/v7e-m+fp/hard/libc_nano.a(lib_a-lock.o)
                0x000000000800d1e2                __retarget_lock_init_recursive
 .text.__retarget_lock_acquire_recursive
                0x000000000800d1e4        0x2 /Applications/STM32CubeIDE.app/Contents/Eclipse/plugins/com.st.stm32cube.ide.mcu.externaltools.gnu-tools-for-stm32.9-2020-q2-update.macos64_1.5.0.202011040924/tools/bin/../lib/gcc/arm-none-eabi/9.3.1/../../../../arm-none-eabi/lib/thumb/v7e-m+fp/hard/libc_nano.a(lib_a-lock.o)
                0x000000000800d1e4                __retarget_lock_acquire_recursive
 .text.__retarget_lock_release_recursive
                0x000000000800d1e6        0x2 /Applications/STM32CubeIDE.app/Contents/Eclipse/plugins/com.st.stm32cube.ide.mcu.externaltools.gnu-tools-for-stm32.9-2020-q2-update.macos64_1.5.0.202011040924/tools/bin/../lib/gcc/arm-none-eabi/9.3.1/../../../../arm-none-eabi/lib/thumb/v7e-m+fp/hard/libc_nano.a(lib_a-lock.o)
                0x000000000800d1e6                __retarget_lock_release_recursive
 .text.__swhatbuf_r
                0x000000000800d1e8       0x48 /Applications/STM32CubeIDE.app/Contents/Eclipse/plugins/com.st.stm32cube.ide.mcu.externaltools.gnu-tools-for-stm32.9-2020-q2-update.macos64_1.5.0.202011040924/tools/bin/../lib/gcc/arm-none-eabi/9.3.1/../../../../arm-none-eabi/lib/thumb/v7e-m+fp/hard/libc_nano.a(lib_a-makebuf.o)
                0x000000000800d1e8                __swhatbuf_r
 .text.__smakebuf_r
                0x000000000800d230       0x80 /Applications/STM32CubeIDE.app/Contents/Eclipse/plugins/com.st.stm32cube.ide.mcu.externaltools.gnu-tools-for-stm32.9-2020-q2-update.macos64_1.5.0.202011040924/tools/bin/../lib/gcc/arm-none-eabi/9.3.1/../../../../arm-none-eabi/lib/thumb/v7e-m+fp/hard/libc_nano.a(lib_a-makebuf.o)
                0x000000000800d230                __smakebuf_r
 .text._raise_r
                0x000000000800d2b0       0x50 /Applications/STM32CubeIDE.app/Contents/Eclipse/plugins/com.st.stm32cube.ide.mcu.externaltools.gnu-tools-for-stm32.9-2020-q2-update.macos64_1.5.0.202011040924/tools/bin/../lib/gcc/arm-none-eabi/9.3.1/../../../../arm-none-eabi/lib/thumb/v7e-m+fp/hard/libc_nano.a(lib_a-signal.o)
                0x000000000800d2b0                _raise_r
 .text.raise    0x000000000800d300       0x10 /Applications/STM32CubeIDE.app/Contents/Eclipse/plugins/com.st.stm32cube.ide.mcu.externaltools.gnu-tools-for-stm32.9-2020-q2-update.macos64_1.5.0.202011040924/tools/bin/../lib/gcc/arm-none-eabi/9.3.1/../../../../arm-none-eabi/lib/thumb/v7e-m+fp/hard/libc_nano.a(lib_a-signal.o)
                0x000000000800d300                raise
 .text._kill_r  0x000000000800d310       0x24 /Applications/STM32CubeIDE.app/Contents/Eclipse/plugins/com.st.stm32cube.ide.mcu.externaltools.gnu-tools-for-stm32.9-2020-q2-update.macos64_1.5.0.202011040924/tools/bin/../lib/gcc/arm-none-eabi/9.3.1/../../../../arm-none-eabi/lib/thumb/v7e-m+fp/hard/libc_nano.a(lib_a-signalr.o)
                0x000000000800d310                _kill_r
 .text._getpid_r
                0x000000000800d334        0x4 /Applications/STM32CubeIDE.app/Contents/Eclipse/plugins/com.st.stm32cube.ide.mcu.externaltools.gnu-tools-for-stm32.9-2020-q2-update.macos64_1.5.0.202011040924/tools/bin/../lib/gcc/arm-none-eabi/9.3.1/../../../../arm-none-eabi/lib/thumb/v7e-m+fp/hard/libc_nano.a(lib_a-signalr.o)
                0x000000000800d334                _getpid_r
 .text.__sread  0x000000000800d338       0x22 /Applications/STM32CubeIDE.app/Contents/Eclipse/plugins/com.st.stm32cube.ide.mcu.externaltools.gnu-tools-for-stm32.9-2020-q2-update.macos64_1.5.0.202011040924/tools/bin/../lib/gcc/arm-none-eabi/9.3.1/../../../../arm-none-eabi/lib/thumb/v7e-m+fp/hard/libc_nano.a(lib_a-stdio.o)
                0x000000000800d338                __sread
 .text.__swrite
                0x000000000800d35a       0x38 /Applications/STM32CubeIDE.app/Contents/Eclipse/plugins/com.st.stm32cube.ide.mcu.externaltools.gnu-tools-for-stm32.9-2020-q2-update.macos64_1.5.0.202011040924/tools/bin/../lib/gcc/arm-none-eabi/9.3.1/../../../../arm-none-eabi/lib/thumb/v7e-m+fp/hard/libc_nano.a(lib_a-stdio.o)
                0x000000000800d35a                __swrite
 .text.__sseek  0x000000000800d392       0x24 /Applications/STM32CubeIDE.app/Contents/Eclipse/plugins/com.st.stm32cube.ide.mcu.externaltools.gnu-tools-for-stm32.9-2020-q2-update.macos64_1.5.0.202011040924/tools/bin/../lib/gcc/arm-none-eabi/9.3.1/../../../../arm-none-eabi/lib/thumb/v7e-m+fp/hard/libc_nano.a(lib_a-stdio.o)
                0x000000000800d392                __sseek
 .text.__sclose
                0x000000000800d3b6        0x8 /Applications/STM32CubeIDE.app/Contents/Eclipse/plugins/com.st.stm32cube.ide.mcu.externaltools.gnu-tools-for-stm32.9-2020-q2-update.macos64_1.5.0.202011040924/tools/bin/../lib/gcc/arm-none-eabi/9.3.1/../../../../arm-none-eabi/lib/thumb/v7e-m+fp/hard/libc_nano.a(lib_a-stdio.o)
                0x000000000800d3b6                __sclose
 *fill*         0x000000000800d3be        0x2 
 .text._write_r
                0x000000000800d3c0       0x24 /Applications/STM32CubeIDE.app/Contents/Eclipse/plugins/com.st.stm32cube.ide.mcu.externaltools.gnu-tools-for-stm32.9-2020-q2-update.macos64_1.5.0.202011040924/tools/bin/../lib/gcc/arm-none-eabi/9.3.1/../../../../arm-none-eabi/lib/thumb/v7e-m+fp/hard/libc_nano.a(lib_a-writer.o)
                0x000000000800d3c0                _write_r
 .text._close_r
                0x000000000800d3e4       0x20 /Applications/STM32CubeIDE.app/Contents/Eclipse/plugins/com.st.stm32cube.ide.mcu.externaltools.gnu-tools-for-stm32.9-2020-q2-update.macos64_1.5.0.202011040924/tools/bin/../lib/gcc/arm-none-eabi/9.3.1/../../../../arm-none-eabi/lib/thumb/v7e-m+fp/hard/libc_nano.a(lib_a-closer.o)
                0x000000000800d3e4                _close_r
 .text._fstat_r
                0x000000000800d404       0x24 /Applications/STM32CubeIDE.app/Contents/Eclipse/plugins/com.st.stm32cube.ide.mcu.externaltools.gnu-tools-for-stm32.9-2020-q2-update.macos64_1.5.0.202011040924/tools/bin/../lib/gcc/arm-none-eabi/9.3.1/../../../../arm-none-eabi/lib/thumb/v7e-m+fp/hard/libc_nano.a(lib_a-fstatr.o)
                0x000000000800d404                _fstat_r
 .text._isatty_r
                0x000000000800d428       0x20 /Applications/STM32CubeIDE.app/Contents/Eclipse/plugins/com.st.stm32cube.ide.mcu.externaltools.gnu-tools-for-stm32.9-2020-q2-update.macos64_1.5.0.202011040924/tools/bin/../lib/gcc/arm-none-eabi/9.3.1/../../../../arm-none-eabi/lib/thumb/v7e-m+fp/hard/libc_nano.a(lib_a-isattyr.o)
                0x000000000800d428                _isatty_r
 .text._lseek_r
                0x000000000800d448       0x24 /Applications/STM32CubeIDE.app/Contents/Eclipse/plugins/com.st.stm32cube.ide.mcu.externaltools.gnu-tools-for-stm32.9-2020-q2-update.macos64_1.5.0.202011040924/tools/bin/../lib/gcc/arm-none-eabi/9.3.1/../../../../arm-none-eabi/lib/thumb/v7e-m+fp/hard/libc_nano.a(lib_a-lseekr.o)
                0x000000000800d448                _lseek_r
 .text._read_r  0x000000000800d46c       0x24 /Applications/STM32CubeIDE.app/Contents/Eclipse/plugins/com.st.stm32cube.ide.mcu.externaltools.gnu-tools-for-stm32.9-2020-q2-update.macos64_1.5.0.202011040924/tools/bin/../lib/gcc/arm-none-eabi/9.3.1/../../../../arm-none-eabi/lib/thumb/v7e-m+fp/hard/libc_nano.a(lib_a-readr.o)
                0x000000000800d46c                _read_r
 *(.glue_7)
 .glue_7        0x000000000800d490        0x0 linker stubs
 *(.glue_7t)
 .glue_7t       0x000000000800d490        0x0 linker stubs
 *(.eh_frame)
 .eh_frame      0x000000000800d490        0x0 /Applications/STM32CubeIDE.app/Contents/Eclipse/plugins/com.st.stm32cube.ide.mcu.externaltools.gnu-tools-for-stm32.9-2020-q2-update.macos64_1.5.0.202011040924/tools/bin/../lib/gcc/arm-none-eabi/9.3.1/thumb/v7e-m+fp/hard/crtbegin.o
 *(.init)
 .init          0x000000000800d490        0x4 /Applications/STM32CubeIDE.app/Contents/Eclipse/plugins/com.st.stm32cube.ide.mcu.externaltools.gnu-tools-for-stm32.9-2020-q2-update.macos64_1.5.0.202011040924/tools/bin/../lib/gcc/arm-none-eabi/9.3.1/thumb/v7e-m+fp/hard/crti.o
                0x000000000800d490                _init
 .init          0x000000000800d494        0x8 /Applications/STM32CubeIDE.app/Contents/Eclipse/plugins/com.st.stm32cube.ide.mcu.externaltools.gnu-tools-for-stm32.9-2020-q2-update.macos64_1.5.0.202011040924/tools/bin/../lib/gcc/arm-none-eabi/9.3.1/thumb/v7e-m+fp/hard/crtn.o
 *(.fini)
 .fini          0x000000000800d49c        0x4 /Applications/STM32CubeIDE.app/Contents/Eclipse/plugins/com.st.stm32cube.ide.mcu.externaltools.gnu-tools-for-stm32.9-2020-q2-update.macos64_1.5.0.202011040924/tools/bin/../lib/gcc/arm-none-eabi/9.3.1/thumb/v7e-m+fp/hard/crti.o
                0x000000000800d49c                _fini
 .fini          0x000000000800d4a0        0x8 /Applications/STM32CubeIDE.app/Contents/Eclipse/plugins/com.st.stm32cube.ide.mcu.externaltools.gnu-tools-for-stm32.9-2020-q2-update.macos64_1.5.0.202011040924/tools/bin/../lib/gcc/arm-none-eabi/9.3.1/thumb/v7e-m+fp/hard/crtn.o
                0x000000000800d4a8                . = ALIGN (0x4)
                0x000000000800d4a8                _etext = .

.vfp11_veneer   0x000000000800d4a8        0x0
 .vfp11_veneer  0x000000000800d4a8        0x0 linker stubs

.v4_bx          0x000000000800d4a8        0x0
 .v4_bx         0x000000000800d4a8        0x0 linker stubs

.iplt           0x000000000800d4a8        0x0
 .iplt          0x000000000800d4a8        0x0 /Applications/STM32CubeIDE.app/Contents/Eclipse/plugins/com.st.stm32cube.ide.mcu.externaltools.gnu-tools-for-stm32.9-2020-q2-update.macos64_1.5.0.202011040924/tools/bin/../lib/gcc/arm-none-eabi/9.3.1/thumb/v7e-m+fp/hard/crtbegin.o

.rodata         0x000000000800d4a8    0x8fdc4
                0x000000000800d4a8                . = ALIGN (0x4)
 *(.rodata)
 .rodata        0x000000000800d4a8    0x1fe10 Core/Src/REGLES.o
 .rodata        0x000000000802d2b8    0x1fe10 Core/Src/background1.o
 .rodata        0x000000000804d0c8      0x318 Core/Src/base_piece.o
 .rodata        0x000000000804d3e0    0x1fe28 Core/Src/doge.o
 .rodata        0x000000000806d208      0x380 Core/Src/function.o
 .rodata        0x000000000806d588     0x5dd0 Core/Src/game_over.o
 .rodata        0x0000000008073358    0x27cf0 Core/Src/menu_principal.o
 .rodata        0x000000000809b048      0x4c5 Core/Src/numbers.o
 *fill*         0x000000000809b50d        0x3 
 .rodata        0x000000000809b510      0x138 Core/Src/small_piece.o
 *(.rodata*)
 .rodata.AHBPrescTable
                0x000000000809b648       0x10 Core/Src/system_stm32f7xx.o
                0x000000000809b648                AHBPrescTable
 .rodata.APBPrescTable
                0x000000000809b658        0x8 Core/Src/system_stm32f7xx.o
                0x000000000809b658                APBPrescTable
 .rodata.flagBitshiftOffset.9599
                0x000000000809b660        0x8 Drivers/STM32F7xx_HAL_Driver/Src/stm32f7xx_hal_dma.o
 .rodata.Font24_Table
                0x000000000809b668     0x1ab8 Drivers/Utilities/Fonts/font24.o
                0x000000000809b668                Font24_Table
 .rodata._global_impure_ptr
                0x000000000809d120        0x4 /Applications/STM32CubeIDE.app/Contents/Eclipse/plugins/com.st.stm32cube.ide.mcu.externaltools.gnu-tools-for-stm32.9-2020-q2-update.macos64_1.5.0.202011040924/tools/bin/../lib/gcc/arm-none-eabi/9.3.1/../../../../arm-none-eabi/lib/thumb/v7e-m+fp/hard/libc_nano.a(lib_a-impure.o)
                0x000000000809d120                _global_impure_ptr
 .rodata.srand.str1.1
                0x000000000809d124       0x76 /Applications/STM32CubeIDE.app/Contents/Eclipse/plugins/com.st.stm32cube.ide.mcu.externaltools.gnu-tools-for-stm32.9-2020-q2-update.macos64_1.5.0.202011040924/tools/bin/../lib/gcc/arm-none-eabi/9.3.1/../../../../arm-none-eabi/lib/thumb/v7e-m+fp/hard/libc_nano.a(lib_a-rand.o)
 .rodata.__assert_func.str1.1
                0x000000000809d19a       0x3c /Applications/STM32CubeIDE.app/Contents/Eclipse/plugins/com.st.stm32cube.ide.mcu.externaltools.gnu-tools-for-stm32.9-2020-q2-update.macos64_1.5.0.202011040924/tools/bin/../lib/gcc/arm-none-eabi/9.3.1/../../../../arm-none-eabi/lib/thumb/v7e-m+fp/hard/libc_nano.a(lib_a-assert.o)
                                         0x3d (size before relaxing)
 .rodata._vfprintf_r.str1.1
                0x000000000809d1d6       0x11 /Applications/STM32CubeIDE.app/Contents/Eclipse/plugins/com.st.stm32cube.ide.mcu.externaltools.gnu-tools-for-stm32.9-2020-q2-update.macos64_1.5.0.202011040924/tools/bin/../lib/gcc/arm-none-eabi/9.3.1/../../../../arm-none-eabi/lib/thumb/v7e-m+fp/hard/libc_nano.a(lib_a-nano-vfprintf.o)
 .rodata._printf_i.str1.1
                0x000000000809d1e7       0x22 /Applications/STM32CubeIDE.app/Contents/Eclipse/plugins/com.st.stm32cube.ide.mcu.externaltools.gnu-tools-for-stm32.9-2020-q2-update.macos64_1.5.0.202011040924/tools/bin/../lib/gcc/arm-none-eabi/9.3.1/../../../../arm-none-eabi/lib/thumb/v7e-m+fp/hard/libc_nano.a(lib_a-nano-vfprintf_i.o)
 *fill*         0x000000000809d209        0x3 
 .rodata.__sf_fake_stderr
                0x000000000809d20c       0x20 /Applications/STM32CubeIDE.app/Contents/Eclipse/plugins/com.st.stm32cube.ide.mcu.externaltools.gnu-tools-for-stm32.9-2020-q2-update.macos64_1.5.0.202011040924/tools/bin/../lib/gcc/arm-none-eabi/9.3.1/../../../../arm-none-eabi/lib/thumb/v7e-m+fp/hard/libc_nano.a(lib_a-findfp.o)
                0x000000000809d20c                __sf_fake_stderr
 .rodata.__sf_fake_stdin
                0x000000000809d22c       0x20 /Applications/STM32CubeIDE.app/Contents/Eclipse/plugins/com.st.stm32cube.ide.mcu.externaltools.gnu-tools-for-stm32.9-2020-q2-update.macos64_1.5.0.202011040924/tools/bin/../lib/gcc/arm-none-eabi/9.3.1/../../../../arm-none-eabi/lib/thumb/v7e-m+fp/hard/libc_nano.a(lib_a-findfp.o)
                0x000000000809d22c                __sf_fake_stdin
 .rodata.__sf_fake_stdout
                0x000000000809d24c       0x20 /Applications/STM32CubeIDE.app/Contents/Eclipse/plugins/com.st.stm32cube.ide.mcu.externaltools.gnu-tools-for-stm32.9-2020-q2-update.macos64_1.5.0.202011040924/tools/bin/../lib/gcc/arm-none-eabi/9.3.1/../../../../arm-none-eabi/lib/thumb/v7e-m+fp/hard/libc_nano.a(lib_a-findfp.o)
                0x000000000809d24c                __sf_fake_stdout
                0x000000000809d26c                . = ALIGN (0x4)

.ARM.extab      0x000000000809d26c        0x0
                0x000000000809d26c                . = ALIGN (0x4)
 *(.ARM.extab* .gnu.linkonce.armextab.*)
                0x000000000809d26c                . = ALIGN (0x4)

.ARM            0x000000000809d26c        0x8
                0x000000000809d26c                . = ALIGN (0x4)
                0x000000000809d26c                __exidx_start = .
 *(.ARM.exidx*)
 .ARM.exidx     0x000000000809d26c        0x8 /Applications/STM32CubeIDE.app/Contents/Eclipse/plugins/com.st.stm32cube.ide.mcu.externaltools.gnu-tools-for-stm32.9-2020-q2-update.macos64_1.5.0.202011040924/tools/bin/../lib/gcc/arm-none-eabi/9.3.1/thumb/v7e-m+fp/hard/libgcc.a(_udivmoddi4.o)
                0x000000000809d274                __exidx_end = .
                0x000000000809d274                . = ALIGN (0x4)

.rel.dyn        0x000000000809d274        0x0
 .rel.iplt      0x000000000809d274        0x0 /Applications/STM32CubeIDE.app/Contents/Eclipse/plugins/com.st.stm32cube.ide.mcu.externaltools.gnu-tools-for-stm32.9-2020-q2-update.macos64_1.5.0.202011040924/tools/bin/../lib/gcc/arm-none-eabi/9.3.1/thumb/v7e-m+fp/hard/crtbegin.o

.preinit_array  0x000000000809d274        0x0
                0x000000000809d274                . = ALIGN (0x4)
                0x000000000809d274                PROVIDE (__preinit_array_start = .)
 *(.preinit_array*)
                0x000000000809d274                PROVIDE (__preinit_array_end = .)
                0x000000000809d274                . = ALIGN (0x4)

.init_array     0x000000000809d274        0x4
                0x000000000809d274                . = ALIGN (0x4)
                0x000000000809d274                PROVIDE (__init_array_start = .)
 *(SORT_BY_NAME(.init_array.*))
 *(.init_array*)
 .init_array    0x000000000809d274        0x4 /Applications/STM32CubeIDE.app/Contents/Eclipse/plugins/com.st.stm32cube.ide.mcu.externaltools.gnu-tools-for-stm32.9-2020-q2-update.macos64_1.5.0.202011040924/tools/bin/../lib/gcc/arm-none-eabi/9.3.1/thumb/v7e-m+fp/hard/crtbegin.o
                0x000000000809d278                PROVIDE (__init_array_end = .)
                0x000000000809d278                . = ALIGN (0x4)

.fini_array     0x000000000809d278        0x4
                0x000000000809d278                . = ALIGN (0x4)
                [!provide]                        PROVIDE (__fini_array_start = .)
 *(SORT_BY_NAME(.fini_array.*))
 *(.fini_array*)
 .fini_array    0x000000000809d278        0x4 /Applications/STM32CubeIDE.app/Contents/Eclipse/plugins/com.st.stm32cube.ide.mcu.externaltools.gnu-tools-for-stm32.9-2020-q2-update.macos64_1.5.0.202011040924/tools/bin/../lib/gcc/arm-none-eabi/9.3.1/thumb/v7e-m+fp/hard/crtbegin.o
                [!provide]                        PROVIDE (__fini_array_end = .)
                0x000000000809d27c                . = ALIGN (0x4)
                0x000000000809d27c                _sidata = LOADADDR (.data)

.data           0x0000000020000000       0xa4 load address 0x000000000809d27c
                0x0000000020000000                . = ALIGN (0x4)
                0x0000000020000000                _sdata = .
 *(.data)
 *(.data*)
 .data.SystemCoreClock
                0x0000000020000000        0x4 Core/Src/system_stm32f7xx.o
                0x0000000020000000                SystemCoreClock
 .data.ft5336_ts_drv
                0x0000000020000004       0x28 Drivers/BSP/Components/ft5336/ft5336.o
                0x0000000020000004                ft5336_ts_drv
 .data.sdramstatus.9515
                0x000000002000002c        0x1 Drivers/BSP/src/stm32746g_discovery_sdram.o
 *fill*         0x000000002000002d        0x3 
 .data.uwTickPrio
                0x0000000020000030        0x4 Drivers/STM32F7xx_HAL_Driver/Src/stm32f7xx_hal.o
                0x0000000020000030                uwTickPrio
 .data.uwTickFreq
                0x0000000020000034        0x1 Drivers/STM32F7xx_HAL_Driver/Src/stm32f7xx_hal.o
                0x0000000020000034                uwTickFreq
 *fill*         0x0000000020000035        0x3 
 .data.Font24   0x0000000020000038        0x8 Drivers/Utilities/Fonts/font24.o
                0x0000000020000038                Font24
 .data._impure_ptr
                0x0000000020000040        0x4 /Applications/STM32CubeIDE.app/Contents/Eclipse/plugins/com.st.stm32cube.ide.mcu.externaltools.gnu-tools-for-stm32.9-2020-q2-update.macos64_1.5.0.202011040924/tools/bin/../lib/gcc/arm-none-eabi/9.3.1/../../../../arm-none-eabi/lib/thumb/v7e-m+fp/hard/libc_nano.a(lib_a-impure.o)
                0x0000000020000040                _impure_ptr
 .data.impure_data
                0x0000000020000044       0x60 /Applications/STM32CubeIDE.app/Contents/Eclipse/plugins/com.st.stm32cube.ide.mcu.externaltools.gnu-tools-for-stm32.9-2020-q2-update.macos64_1.5.0.202011040924/tools/bin/../lib/gcc/arm-none-eabi/9.3.1/../../../../arm-none-eabi/lib/thumb/v7e-m+fp/hard/libc_nano.a(lib_a-impure.o)
 *(.RamFunc)
 *(.RamFunc*)
                0x00000000200000a4                . = ALIGN (0x4)
                0x00000000200000a4                _edata = .

.igot.plt       0x00000000200000a4        0x0 load address 0x000000000809d320
 .igot.plt      0x00000000200000a4        0x0 /Applications/STM32CubeIDE.app/Contents/Eclipse/plugins/com.st.stm32cube.ide.mcu.externaltools.gnu-tools-for-stm32.9-2020-q2-update.macos64_1.5.0.202011040924/tools/bin/../lib/gcc/arm-none-eabi/9.3.1/thumb/v7e-m+fp/hard/crtbegin.o
                0x00000000200000a4                . = ALIGN (0x4)

.bss            0x00000000200000a4      0xfb0 load address 0x000000000809d320
                0x00000000200000a4                _sbss = .
                0x00000000200000a4                __bss_start__ = _sbss
 *(.bss)
 .bss           0x00000000200000a4       0x1c /Applications/STM32CubeIDE.app/Contents/Eclipse/plugins/com.st.stm32cube.ide.mcu.externaltools.gnu-tools-for-stm32.9-2020-q2-update.macos64_1.5.0.202011040924/tools/bin/../lib/gcc/arm-none-eabi/9.3.1/thumb/v7e-m+fp/hard/crtbegin.o
 *(.bss*)
 .bss.B1        0x00000000200000c0        0x4 Core/Src/main.o
                0x00000000200000c0                B1
 .bss.prgm_counter
                0x00000000200000c4        0x4 Core/Src/main.o
                0x00000000200000c4                prgm_counter
 .bss.boucleur  0x00000000200000c8        0x4 Core/Src/main.o
                0x00000000200000c8                boucleur
 .bss.global_advance
                0x00000000200000cc        0x4 Core/Src/main.o
                0x00000000200000cc                global_advance
 .bss.FMC_Initialized
                0x00000000200000d0        0x4 Core/Src/stm32f7xx_hal_msp.o
 .bss.__sbrk_heap_end
                0x00000000200000d4        0x4 Core/Src/sysmem.o
 .bss.ft5336_handle
                0x00000000200000d8        0x3 Drivers/BSP/Components/ft5336/ft5336.o
 *fill*         0x00000000200000db        0x1 
 .bss.coord.5659
                0x00000000200000dc        0x2 Drivers/BSP/Components/ft5336/ft5336.o
 *fill*         0x00000000200000de        0x2 
 .bss.hI2cAudioHandler
                0x00000000200000e0       0x4c Drivers/BSP/src/stm32746g_discovery.o
 .bss.hDma2dHandler
                0x000000002000012c       0x40 Drivers/BSP/src/stm32746g_discovery_lcd.o
 .bss.ActiveLayer
                0x000000002000016c        0x4 Drivers/BSP/src/stm32746g_discovery_lcd.o
 .bss.DrawProp  0x0000000020000170       0x18 Drivers/BSP/src/stm32746g_discovery_lcd.o
 .bss.periph_clk_init_struct.10092
                0x0000000020000188       0x84 Drivers/BSP/src/stm32746g_discovery_lcd.o
 .bss.Timing    0x000000002000020c       0x1c Drivers/BSP/src/stm32746g_discovery_sdram.o
 .bss.Command   0x0000000020000228       0x10 Drivers/BSP/src/stm32746g_discovery_sdram.o
 .bss.dma_handle.9551
                0x0000000020000238       0x60 Drivers/BSP/src/stm32746g_discovery_sdram.o