main.c:100:5:main	24	static
main.c:239:6:SystemClock_Config	216	static
main.c:308:13:MX_CRC_Init	8	static
main.c:339:13:MX_DMA2D_Init	8	static
main.c:376:13:MX_I2C3_Init	8	static
main.c:422:13:MX_LTDC_Init	64	static
main.c:484:13:MX_RNG_Init	8	static
main.c:510:13:MX_USART1_UART_Init	8	static
main.c:541:13:MX_FMC_Init	40	static
main.c:592:13:MX_GPIO_Init	72	static
main.c:995:6:StartDefaultTask	16	static
main.c:1014:6:HAL_TIM_PeriodElapsedCallback	16	static
main.c:1031:6:Error_Handler	4	static,ignoring_inline_asm
