stm32f7xx_hal_msp.c:64:6:HAL_MspInit	16	static
stm32f7xx_hal_msp.c:88:6:HAL_CRC_MspInit	24	static
stm32f7xx_hal_msp.c:110:6:HAL_CRC_MspDeInit	16	static
stm32f7xx_hal_msp.c:132:6:HAL_DMA2D_MspInit	24	static
stm32f7xx_hal_msp.c:157:6:HAL_DMA2D_MspDeInit	16	static
stm32f7xx_hal_msp.c:182:6:HAL_I2C_MspInit	48	static
stm32f7xx_hal_msp.c:218:6:HAL_I2C_MspDeInit	16	static
stm32f7xx_hal_msp.c:249:6:HAL_LTDC_MspInit	64	static
stm32f7xx_hal_msp.c:350:6:HAL_LTDC_MspDeInit	16	static
stm32f7xx_hal_msp.c:419:6:HAL_RNG_MspInit	24	static
stm32f7xx_hal_msp.c:444:6:HAL_RNG_MspDeInit	16	static
stm32f7xx_hal_msp.c:469:6:HAL_UART_MspInit	48	static
stm32f7xx_hal_msp.c:513:6:HAL_UART_MspDeInit	16	static
stm32f7xx_hal_msp.c:540:13:HAL_FMC_MspInit	32	static
stm32f7xx_hal_msp.c:646:6:HAL_SDRAM_MspInit	16	static
stm32f7xx_hal_msp.c:658:13:HAL_FMC_MspDeInit	8	static
stm32f7xx_hal_msp.c:732:6:HAL_SDRAM_MspDeInit	16	static
