stm32f7xx_it.c:81:6:NMI_Handler	4	static
stm32f7xx_it.c:96:6:HardFault_Handler	4	static
stm32f7xx_it.c:111:6:MemManage_Handler	4	static
stm32f7xx_it.c:126:6:BusFault_Handler	4	static
stm32f7xx_it.c:141:6:UsageFault_Handler	4	static
stm32f7xx_it.c:156:6:DebugMon_Handler	4	static
stm32f7xx_it.c:176:6:EXTI0_IRQHandler	16	static
stm32f7xx_it.c:208:6:EXTI2_IRQHandler	8	static
stm32f7xx_it.c:231:6:EXTI3_IRQHandler	8	static
stm32f7xx_it.c:258:6:EXTI4_IRQHandler	16	static
stm32f7xx_it.c:283:6:EXTI9_5_IRQHandler	16	static
stm32f7xx_it.c:315:6:EXTI15_10_IRQHandler	16	static
stm32f7xx_it.c:339:6:TIM6_DAC_IRQHandler	8	static
stm32f7xx_it.c:353:6:RNG_IRQHandler	8	static
stm32f7xx_it.c:367:6:LTDC_IRQHandler	8	static
stm32f7xx_it.c:381:6:DMA2D_IRQHandler	8	static
